Component: ARM Compiler 5.06 update 7 (build 960) Tool: armlink [4d3601]

==============================================================================

Section Cross References

    stm32f10x_adc.o(i.ADC_DeInit) refers to stm32f10x_rcc.o(i.RCC_APB2PeriphResetCmd) for RCC_APB2PeriphResetCmd
    stm32f10x_bkp.o(i.BKP_DeInit) refers to stm32f10x_rcc.o(i.RCC_BackupResetCmd) for RCC_BackupResetCmd
    stm32f10x_can.o(i.CAN_DeInit) refers to stm32f10x_rcc.o(i.RCC_APB1PeriphResetCmd) for RCC_APB1PeriphResetCmd
    stm32f10x_can.o(i.CAN_GetITStatus) refers to stm32f10x_can.o(i.CheckITStatus) for CheckITStatus
    stm32f10x_cec.o(i.CEC_DeInit) refers to stm32f10x_rcc.o(i.RCC_APB1PeriphResetCmd) for RCC_APB1PeriphResetCmd
    stm32f10x_dac.o(i.DAC_DeInit) refers to stm32f10x_rcc.o(i.RCC_APB1PeriphResetCmd) for RCC_APB1PeriphResetCmd
    stm32f10x_flash.o(i.FLASH_EnableWriteProtection) refers to stm32f10x_flash.o(i.FLASH_WaitForLastOperation) for FLASH_WaitForLastOperation
    stm32f10x_flash.o(i.FLASH_EraseAllBank1Pages) refers to stm32f10x_flash.o(i.FLASH_WaitForLastBank1Operation) for FLASH_WaitForLastBank1Operation
    stm32f10x_flash.o(i.FLASH_EraseAllPages) refers to stm32f10x_flash.o(i.FLASH_WaitForLastOperation) for FLASH_WaitForLastOperation
    stm32f10x_flash.o(i.FLASH_EraseOptionBytes) refers to stm32f10x_flash.o(i.FLASH_GetReadOutProtectionStatus) for FLASH_GetReadOutProtectionStatus
    stm32f10x_flash.o(i.FLASH_EraseOptionBytes) refers to stm32f10x_flash.o(i.FLASH_WaitForLastOperation) for FLASH_WaitForLastOperation
    stm32f10x_flash.o(i.FLASH_ErasePage) refers to stm32f10x_flash.o(i.FLASH_WaitForLastOperation) for FLASH_WaitForLastOperation
    stm32f10x_flash.o(i.FLASH_ProgramHalfWord) refers to stm32f10x_flash.o(i.FLASH_WaitForLastOperation) for FLASH_WaitForLastOperation
    stm32f10x_flash.o(i.FLASH_ProgramOptionByteData) refers to stm32f10x_flash.o(i.FLASH_WaitForLastOperation) for FLASH_WaitForLastOperation
    stm32f10x_flash.o(i.FLASH_ProgramWord) refers to stm32f10x_flash.o(i.FLASH_WaitForLastOperation) for FLASH_WaitForLastOperation
    stm32f10x_flash.o(i.FLASH_ReadOutProtection) refers to stm32f10x_flash.o(i.FLASH_WaitForLastOperation) for FLASH_WaitForLastOperation
    stm32f10x_flash.o(i.FLASH_UserOptionByteConfig) refers to stm32f10x_flash.o(i.FLASH_WaitForLastOperation) for FLASH_WaitForLastOperation
    stm32f10x_flash.o(i.FLASH_WaitForLastBank1Operation) refers to stm32f10x_flash.o(i.FLASH_GetBank1Status) for FLASH_GetBank1Status
    stm32f10x_flash.o(i.FLASH_WaitForLastOperation) refers to stm32f10x_flash.o(i.FLASH_GetBank1Status) for FLASH_GetBank1Status
    stm32f10x_gpio.o(i.GPIO_AFIODeInit) refers to stm32f10x_rcc.o(i.RCC_APB2PeriphResetCmd) for RCC_APB2PeriphResetCmd
    stm32f10x_gpio.o(i.GPIO_DeInit) refers to stm32f10x_rcc.o(i.RCC_APB2PeriphResetCmd) for RCC_APB2PeriphResetCmd
    stm32f10x_i2c.o(i.I2C_DeInit) refers to stm32f10x_rcc.o(i.RCC_APB1PeriphResetCmd) for RCC_APB1PeriphResetCmd
    stm32f10x_i2c.o(i.I2C_Init) refers to stm32f10x_rcc.o(i.RCC_GetClocksFreq) for RCC_GetClocksFreq
    stm32f10x_pwr.o(i.PWR_DeInit) refers to stm32f10x_rcc.o(i.RCC_APB1PeriphResetCmd) for RCC_APB1PeriphResetCmd
    stm32f10x_rcc.o(i.RCC_GetClocksFreq) refers to stm32f10x_rcc.o(.data) for APBAHBPrescTable
    stm32f10x_rcc.o(i.RCC_WaitForHSEStartUp) refers to stm32f10x_rcc.o(i.RCC_GetFlagStatus) for RCC_GetFlagStatus
    stm32f10x_rtc.o(i.RTC_SetAlarm) refers to stm32f10x_rtc.o(i.RTC_EnterConfigMode) for RTC_EnterConfigMode
    stm32f10x_rtc.o(i.RTC_SetAlarm) refers to stm32f10x_rtc.o(i.RTC_ExitConfigMode) for RTC_ExitConfigMode
    stm32f10x_rtc.o(i.RTC_SetCounter) refers to stm32f10x_rtc.o(i.RTC_EnterConfigMode) for RTC_EnterConfigMode
    stm32f10x_rtc.o(i.RTC_SetCounter) refers to stm32f10x_rtc.o(i.RTC_ExitConfigMode) for RTC_ExitConfigMode
    stm32f10x_rtc.o(i.RTC_SetPrescaler) refers to stm32f10x_rtc.o(i.RTC_EnterConfigMode) for RTC_EnterConfigMode
    stm32f10x_rtc.o(i.RTC_SetPrescaler) refers to stm32f10x_rtc.o(i.RTC_ExitConfigMode) for RTC_ExitConfigMode
    stm32f10x_spi.o(i.I2S_Init) refers to stm32f10x_rcc.o(i.RCC_GetClocksFreq) for RCC_GetClocksFreq
    stm32f10x_spi.o(i.SPI_I2S_DeInit) refers to stm32f10x_rcc.o(i.RCC_APB2PeriphResetCmd) for RCC_APB2PeriphResetCmd
    stm32f10x_spi.o(i.SPI_I2S_DeInit) refers to stm32f10x_rcc.o(i.RCC_APB1PeriphResetCmd) for RCC_APB1PeriphResetCmd
    stm32f10x_tim.o(i.TIM_DeInit) refers to stm32f10x_rcc.o(i.RCC_APB2PeriphResetCmd) for RCC_APB2PeriphResetCmd
    stm32f10x_tim.o(i.TIM_DeInit) refers to stm32f10x_rcc.o(i.RCC_APB1PeriphResetCmd) for RCC_APB1PeriphResetCmd
    stm32f10x_tim.o(i.TIM_ETRClockMode1Config) refers to stm32f10x_tim.o(i.TIM_ETRConfig) for TIM_ETRConfig
    stm32f10x_tim.o(i.TIM_ETRClockMode2Config) refers to stm32f10x_tim.o(i.TIM_ETRConfig) for TIM_ETRConfig
    stm32f10x_tim.o(i.TIM_ICInit) refers to stm32f10x_tim.o(i.TI1_Config) for TI1_Config
[...]
    Removing stm32f10x_tim.o(i.TIM_PrescalerConfig), (6 bytes).
    Removing stm32f10x_tim.o(i.TIM_SelectCCDMA), (24 bytes).
    Removing stm32f10x_tim.o(i.TIM_SelectCOM), (24 bytes).
    Removing stm32f10x_tim.o(i.TIM_SelectHallSensor), (24 bytes).
    Removing stm32f10x_tim.o(i.TIM_SelectInputTrigger), (18 bytes).
    Removing stm32f10x_tim.o(i.TIM_SelectMasterSlaveMode), (18 bytes).
    Removing stm32f10x_tim.o(i.TIM_SelectOCxM), (82 bytes).
    Removing stm32f10x_tim.o(i.TIM_SelectOnePulseMode), (18 bytes).
    Removing stm32f10x_tim.o(i.TIM_SelectOutputTrigger), (18 bytes).
    Removing stm32f10x_tim.o(i.TIM_SelectSlaveMode), (18 bytes).
    Removing stm32f10x_tim.o(i.TIM_SetAutoreload), (4 bytes).
    Removing stm32f10x_tim.o(i.TIM_SetClockDivision), (18 bytes).
    Removing stm32f10x_tim.o(i.TIM_SetCompare1), (4 bytes).
    Removing stm32f10x_tim.o(i.TIM_SetCompare2), (4 bytes).
    Removing stm32f10x_tim.o(i.TIM_SetCompare3), (4 bytes).
    Removing stm32f10x_tim.o(i.TIM_SetCompare4), (6 bytes).
    Removing stm32f10x_tim.o(i.TIM_SetCounter), (4 bytes).
    Removing stm32f10x_tim.o(i.TIM_SetIC1Prescaler), (18 bytes).
    Removing stm32f10x_tim.o(i.TIM_SetIC2Prescaler), (26 bytes).
    Removing stm32f10x_tim.o(i.TIM_SetIC3Prescaler), (18 bytes).
    Removing stm32f10x_tim.o(i.TIM_SetIC4Prescaler), (26 bytes).
    Removing stm32f10x_tim.o(i.TIM_TIxExternalClockConfig), (62 bytes).
    Removing stm32f10x_tim.o(i.TIM_TimeBaseStructInit), (18 bytes).
    Removing stm32f10x_tim.o(i.TIM_UpdateDisableConfig), (24 bytes).
    Removing stm32f10x_tim.o(i.TIM_UpdateRequestConfig), (24 bytes).
    Removing stm32f10x_usart.o(i.USART_ClearFlag), (18 bytes).
    Removing stm32f10x_usart.o(i.USART_ClockInit), (34 bytes).
    Removing stm32f10x_usart.o(i.USART_ClockStructInit), (12 bytes).
    Removing stm32f10x_usart.o(i.USART_DMACmd), (18 bytes).
    Removing stm32f10x_usart.o(i.USART_DeInit), (156 bytes).
    Removing stm32f10x_usart.o(i.USART_GetFlagStatus), (26 bytes).
    Removing stm32f10x_usart.o(i.USART_HalfDuplexCmd), (24 bytes).
    Removing stm32f10x_usart.o(i.USART_IrDACmd), (24 bytes).
    Removing stm32f10x_usart.o(i.USART_IrDAConfig), (18 bytes).
    Removing stm32f10x_usart.o(i.USART_LINBreakDetectLengthConfig), (18 bytes).
    Removing stm32f10x_usart.o(i.USART_LINCmd), (24 bytes).
    Removing stm32f10x_usart.o(i.USART_OneBitMethodCmd), (24 bytes).
    Removing stm32f10x_usart.o(i.USART_OverSampling8Cmd), (22 bytes).
    Removing stm32f10x_usart.o(i.USART_ReceiverWakeUpCmd), (24 bytes).
    Removing stm32f10x_usart.o(i.USART_SendBreak), (10 bytes).
    Removing stm32f10x_usart.o(i.USART_SetAddress), (18 bytes).
    Removing stm32f10x_usart.o(i.USART_SetGuardTime), (16 bytes).
    Removing stm32f10x_usart.o(i.USART_SetPrescaler), (16 bytes).
    Removing stm32f10x_usart.o(i.USART_SmartCardCmd), (24 bytes).
    Removing stm32f10x_usart.o(i.USART_SmartCardNACKCmd), (24 bytes).
    Removing stm32f10x_usart.o(i.USART_StructInit), (24 bytes).
    Removing stm32f10x_usart.o(i.USART_WakeUpConfig), (18 bytes).
    Removing stm32f10x_wwdg.o(i.WWDG_ClearFlag), (12 bytes).
    Removing stm32f10x_wwdg.o(i.WWDG_DeInit), (22 bytes).
    Removing stm32f10x_wwdg.o(i.WWDG_Enable), (16 bytes).
    Removing stm32f10x_wwdg.o(i.WWDG_EnableIT), (12 bytes).
    Removing stm32f10x_wwdg.o(i.WWDG_GetFlagStatus), (12 bytes).
    Removing stm32f10x_wwdg.o(i.WWDG_SetCounter), (16 bytes).
    Removing stm32f10x_wwdg.o(i.WWDG_SetPrescaler), (24 bytes).
    Removing stm32f10x_wwdg.o(i.WWDG_SetWindowValue), (40 bytes).
    Removing core_cm3.o(.emb_text), (32 bytes).
    Removing system_stm32f10x.o(i.SystemCoreClockUpdate), (164 bytes).
    Removing system_stm32f10x.o(.data), (20 bytes).
    Removing timer.o(i.Rotate_value), (76 bytes).
    Removing sys.o(i.NVIC_Config), (68 bytes).
    Removing hx711.o(i.KalmanFilter), (140 bytes).
    Removing mcu_api.o(i.byte_to_int), (26 bytes).
    Removing mcu_api.o(i.hex_to_bcd), (108 bytes).
    Removing mcu_api.o(i.int_to_byte), (16 bytes).
    Removing mcu_api.o(i.mcu_dp_enum_update), (88 bytes).
    Removing mcu_api.o(i.mcu_dp_fault_update), (200 bytes).
    Removing mcu_api.o(i.mcu_dp_raw_update), (116 bytes).
    Removing mcu_api.o(i.mcu_dp_string_update), (116 bytes).
    Removing mcu_api.o(i.mcu_get_dp_download_enum), (6 bytes).
    Removing mcu_api.o(i.mcu_get_dp_download_value), (14 bytes).
    Removing mcu_api.o(i.mcu_get_reset_wifi_flag), (12 bytes).
    Removing mcu_api.o(i.mcu_get_wifi_work_state), (12 bytes).
    Removing mcu_api.o(i.mcu_get_wifimode_flag), (12 bytes).
    Removing mcu_api.o(i.mcu_start_wifitest), (14 bytes).
    Removing mcu_api.o(i.my_memset), (34 bytes).
    Removing mcu_api.o(i.my_strcmp), (32 bytes).
    Removing mcu_api.o(i.my_strcpy), (36 bytes).
    Removing mcu_api.o(i.uart_receive_buff_input), (28 bytes).

468 unused section(s) (total 18898 bytes) removed from the image.

==============================================================================

Image Symbol Table

    Local Symbols

    Symbol Name                              Value     Ov Type        Size  Object(Section)

    ../clib/angel/boardlib.s                 0x00000000   Number         0  boardinit1.o ABSOLUTE
    ../clib/angel/boardlib.s                 0x00000000   Number         0  boardinit3.o ABSOLUTE
    ../clib/angel/boardlib.s                 0x00000000   Number         0  boardshut.o ABSOLUTE
    ../clib/angel/boardlib.s                 0x00000000   Number         0  boardinit2.o ABSOLUTE
    ../clib/angel/handlers.s                 0x00000000   Number         0  __scatter_copy.o ABSOLUTE
    ../clib/angel/handlers.s                 0x00000000   Number         0  __scatter_zi.o ABSOLUTE
    ../clib/angel/kernel.s                   0x00000000   Number         0  __rtentry2.o ABSOLUTE
    ../clib/angel/kernel.s                   0x00000000   Number         0  rtexit.o ABSOLUTE
    ../clib/angel/kernel.s                   0x00000000   Number         0  rtexit2.o ABSOLUTE
    ../clib/angel/kernel.s                   0x00000000   Number         0  __rtentry.o ABSOLUTE
    ../clib/angel/kernel.s                   0x00000000   Number         0  __rtentry4.o ABSOLUTE
    ../clib/angel/rt.s                       0x00000000   Number         0  rt_raise.o ABSOLUTE
    ../clib/angel/scatter.s                  0x00000000   Number         0  __scatter.o ABSOLUTE
    ../clib/angel/startup.s                  0x00000000   Number         0  __main.o ABSOLUTE
    ../clib/angel/sys.s                      0x00000000   Number         0  libspace.o ABSOLUTE
    ../clib/angel/sys.s                      0x00000000   Number         0  use_no_semi_2.o ABSOLUTE
    ../clib/angel/sys.s                      0x00000000   Number         0  sys_stackheap_outer.o ABSOLUTE
    ../clib/angel/sys.s                      0x00000000   Number         0  indicate_semi.o ABSOLUTE
    ../clib/angel/sys.s                      0x00000000   Number         0  use_no_semi.o ABSOLUTE
    ../clib/angel/sysapp.c                   0x00000000   Number         0  sys_command.o ABSOLUTE
    ../clib/angel/sysapp.c                   0x00000000   Number         0  sys_wrch.o ABSOLUTE
    ../clib/armsys.c                         0x00000000   Number         0  argv_veneer.o ABSOLUTE
    ../clib/armsys.c                         0x00000000   Number         0  no_argv.o ABSOLUTE
    ../clib/armsys.c                         0x00000000   Number         0  _get_argv_nomalloc.o ABSOLUTE
    ../clib/armsys.c                         0x00000000   Number         0  argv_veneer.o ABSOLUTE
    ../clib/heapalloc.c                      0x00000000   Number         0  hrguard.o ABSOLUTE
    ../clib/heapaux.c                        0x00000000   Number         0  heapauxi.o ABSOLUTE
    ../clib/libinit.s                        0x00000000   Number         0  libshutdown.o ABSOLUTE
    ../clib/libinit.s                        0x00000000   Number         0  libinit.o ABSOLUTE
    ../clib/libinit.s                        0x00000000   Number         0  libshutdown2.o ABSOLUTE
    ../clib/libinit.s                        0x00000000   Number         0  libinit2.o ABSOLUTE
    ../clib/printf.c                         0x00000000   Number         0  __printf_nopercent.o ABSOLUTE
    ../clib/printf.c                         0x00000000   Number         0  _printf_char_file.o ABSOLUTE
    ../clib/printf.c                         0x00000000   Number         0  _printf_char_common.o ABSOLUTE
    ../clib/printf.c                         0x00000000   Number         0  __2printf.o ABSOLUTE
    ../clib/printf.c                         0x00000000   Number         0  noretval__2printf.o ABSOLUTE
    ../clib/signal.c                         0x00000000   Number         0  defsig_stak_inner.o ABSOLUTE
    ../clib/signal.c                         0x00000000   Number         0  __raise.o ABSOLUTE
    ../clib/signal.c                         0x00000000   Number         0  defsig_rtred_inner.o ABSOLUTE
    ../clib/signal.c                         0x00000000   Number         0  defsig_other.o ABSOLUTE
    ../clib/signal.c                         0x00000000   Number         0  defsig_segv_inner.o ABSOLUTE
    ../clib/signal.c                         0x00000000   Number         0  defsig_exit.o ABSOLUTE
    ../clib/signal.c                         0x00000000   Number         0  defsig_cppl_inner.o ABSOLUTE
    ../clib/signal.c                         0x00000000   Number         0  defsig_pvfn_inner.o ABSOLUTE
    ../clib/signal.c                         0x00000000   Number         0  defsig_general.o ABSOLUTE
    ../clib/signal.c                         0x00000000   Number         0  defsig_fpe_inner.o ABSOLUTE
    ../clib/signal.c                         0x00000000   Number         0  defsig_rtmem_inner.o ABSOLUTE
    ../clib/signal.c                         0x00000000   Number         0  defsig_abrt_inner.o ABSOLUTE
    ../clib/signal.c                         0x00000000   Number         0  defsig_rtmem_formal.o ABSOLUTE
    ../clib/signal.c                         0x00000000   Number         0  defsig_rtmem_outer.o ABSOLUTE
    ../clib/signal.s                         0x00000000   Number         0  defsig.o ABSOLUTE
    ../clib/stdio.c                          0x00000000   Number         0  ferror_locked.o ABSOLUTE
    ../clib/stdio.c                          0x00000000   Number         0  ferror.o ABSOLUTE
    ../clib/stdlib.c                         0x00000000   Number         0  exit.o ABSOLUTE
    ../fplib/d2f.s                           0x00000000   Number         0  d2f.o ABSOLUTE
    ../fplib/ddiv.s                          0x00000000   Number         0  ddiv.o ABSOLUTE
    ../fplib/dflt.s                          0x00000000   Number         0  dflt_clz.o ABSOLUTE
    ../fplib/dnaninf.s                       0x00000000   Number         0  dnaninf.o ABSOLUTE
    ../fplib/dretinf.s                       0x00000000   Number         0  dretinf.o ABSOLUTE
    ../fplib/faddsub.s                       0x00000000   Number         0  faddsub_clz.o ABSOLUTE
    ../fplib/fcmpi.s                         0x00000000   Number         0  fcmpi.o ABSOLUTE
    ../fplib/fdiv.s                          0x00000000   Number         0  fdiv.o ABSOLUTE
    ../fplib/ffixu.s                         0x00000000   Number         0  ffixu.o ABSOLUTE
    ../fplib/fleqf.s                         0x00000000   Number         0  fleqf.o ABSOLUTE
    ../fplib/fmul.s                          0x00000000   Number         0  fmul.o ABSOLUTE
    ../fplib/fnaninf.s                       0x00000000   Number         0  fnaninf.o ABSOLUTE
    ../fplib/fpinit.s                        0x00000000   Number         0  fpinit.o ABSOLUTE
    ../fplib/fretinf.s                       0x00000000   Number         0  fretinf.o ABSOLUTE
    ../fplib/frleqf.s                        0x00000000   Number         0  frleqf.o ABSOLUTE
    ../fplib/usenofp.s                       0x00000000   Number         0  usenofp.o ABSOLUTE
    Library\misc.c                           0x00000000   Number         0  misc.o ABSOLUTE
    Library\stm32f10x_adc.c                  0x00000000   Number         0  stm32f10x_adc.o ABSOLUTE
    Library\stm32f10x_bkp.c                  0x00000000   Number         0  stm32f10x_bkp.o ABSOLUTE
    Library\stm32f10x_can.c                  0x00000000   Number         0  stm32f10x_can.o ABSOLUTE
    Library\stm32f10x_cec.c                  0x00000000   Number         0  stm32f10x_cec.o ABSOLUTE
    Library\stm32f10x_crc.c                  0x00000000   Number         0  stm32f10x_crc.o ABSOLUTE
    Library\stm32f10x_dac.c                  0x00000000   Number         0  stm32f10x_dac.o ABSOLUTE
    Library\stm32f10x_dbgmcu.c               0x00000000   Number         0  stm32f10x_dbgmcu.o ABSOLUTE
    Library\stm32f10x_dma.c                  0x00000000   Number         0  stm32f10x_dma.o ABSOLUTE
    Library\stm32f10x_exti.c                 0x00000000   Number         0  stm32f10x_exti.o ABSOLUTE
    Library\stm32f10x_flash.c                0x00000000   Number         0  stm32f10x_flash.o ABSOLUTE
    Library\stm32f10x_fsmc.c                 0x00000000   Number         0  stm32f10x_fsmc.o ABSOLUTE
    Library\stm32f10x_gpio.c                 0x00000000   Number         0  stm32f10x_gpio.o ABSOLUTE
    Library\stm32f10x_i2c.c                  0x00000000   Number         0  stm32f10x_i2c.o ABSOLUTE
    Library\stm32f10x_iwdg.c                 0x00000000   Number         0  stm32f10x_iwdg.o ABSOLUTE
    Library\stm32f10x_pwr.c                  0x00000000   Number         0  stm32f10x_pwr.o ABSOLUTE
    Library\stm32f10x_rcc.c                  0x00000000   Number         0  stm32f10x_rcc.o ABSOLUTE
    Library\stm32f10x_rtc.c                  0x00000000   Number         0  stm32f10x_rtc.o ABSOLUTE
    Library\stm32f10x_sdio.c                 0x00000000   Number         0  stm32f10x_sdio.o ABSOLUTE
    Library\stm32f10x_spi.c                  0x00000000   Number         0  stm32f10x_spi.o ABSOLUTE
    Library\stm32f10x_tim.c                  0x00000000   Number         0  stm32f10x_tim.o ABSOLUTE
    Library\stm32f10x_usart.c                0x00000000   Number         0  stm32f10x_usart.o ABSOLUTE
    Library\stm32f10x_wwdg.c                 0x00000000   Number         0  stm32f10x_wwdg.o ABSOLUTE
    Start\\core_cm3.c                        0x00000000   Number         0  core_cm3.o ABSOLUTE
    Start\core_cm3.c                         0x00000000   Number         0  core_cm3.o ABSOLUTE
    Start\startup_stm32f10x_md.s             0x00000000   Number         0  startup_stm32f10x_md.o ABSOLUTE
    Start\system_stm32f10x.c                 0x00000000   Number         0  system_stm32f10x.o ABSOLUTE
    System\delay\delay.c                     0x00000000   Number         0  delay.o ABSOLUTE
    System\sys\sys.c                         0x00000000   Number         0  sys.o ABSOLUTE
    System\timer\timer.c                     0x00000000   Number         0  timer.o ABSOLUTE
    System\usart\usart.c                     0x00000000   Number         0  usart.o ABSOLUTE
    System\usart\usart3.c                    0x00000000   Number         0  usart3.o ABSOLUTE
    User\main.c                              0x00000000   Number         0  main.o ABSOLUTE
    User\stm32f10x_it.c                      0x00000000   Number         0  stm32f10x_it.o ABSOLUTE
    dc.s                                     0x00000000   Number         0  dc.o ABSOLUTE
    hardware\HX711\HX711.c                   0x00000000   Number         0  hx711.o ABSOLUTE
    hardware\key\key.c                       0x00000000   Number         0  key.o ABSOLUTE
    mcu_sdk\mcu_api.c                        0x00000000   Number         0  mcu_api.o ABSOLUTE
    mcu_sdk\protocol.c                       0x00000000   Number         0  protocol.o ABSOLUTE
    mcu_sdk\system.c                         0x00000000   Number         0  system.o ABSOLUTE
    RESET                                    0x08000000   Section      236  startup_stm32f10x_md.o(RESET)
    !!!main                                  0x080000ec   Section        8  __main.o(!!!main)
    !!!scatter                               0x080000f4   Section       52  __scatter.o(!!!scatter)
    !!handler_copy                           0x08000128   Section       26  __scatter_copy.o(!!handler_copy)
    !!handler_zi                             0x08000144   Section       28  __scatter_zi.o(!!handler_zi)
    .ARM.Collect$$libinit$$00000000          0x08000160   Section        2  libinit.o(.ARM.Collect$$libinit$$00000000)
    .ARM.Collect$$libinit$$00000002          0x08000162   Section        0  libinit2.o(.ARM.Collect$$libinit$$00000002)
    .ARM.Collect$$libinit$$00000004          0x08000162   Section        0  libinit2.o(.ARM.Collect$$libinit$$00000004)
    .ARM.Collect$$libinit$$0000000A          0x08000162   Section        0  libinit2.o(.ARM.Collect$$libinit$$0000000A)
    .ARM.Collect$$libinit$$0000000C          0x08000162   Section        0  libinit2.o(.ARM.Collect$$libinit$$0000000C)
    .ARM.Collect$$libinit$$0000000E          0x08000162   Section        0  libinit2.o(.ARM.Collect$$libinit$$0000000E)
    .ARM.Collect$$libinit$$00000011          0x08000162   Section        0  libinit2.o(.ARM.Collect$$libinit$$00000011)
    .ARM.Collect$$libinit$$00000013          0x08000162   Section        0  libinit2.o(.ARM.Collect$$libinit$$00000013)
    .ARM.Collect$$libinit$$00000015          0x08000162   Section        0  libinit2.o(.ARM.Collect$$libinit$$00000015)
    .ARM.Collect$$libinit$$00000017          0x08000162   Section        0  libinit2.o(.ARM.Collect$$libinit$$00000017)
    .ARM.Collect$$libinit$$00000019          0x08000162   Section        0  libinit2.o(.ARM.Collect$$libinit$$00000019)
    .ARM.Collect$$libinit$$0000001B          0x08000162   Section        0  libinit2.o(.ARM.Collect$$libinit$$0000001B)
    .ARM.Collect$$libinit$$0000001D          0x08000162   Section        0  libinit2.o(.ARM.Collect$$libinit$$0000001D)
    .ARM.Collect$$libinit$$0000001F          0x08000162   Section        0  libinit2.o(.ARM.Collect$$libinit$$0000001F)
    .ARM.Collect$$libinit$$00000021          0x08000162   Section        0  libinit2.o(.ARM.Collect$$libinit$$00000021)
    .ARM.Collect$$libinit$$00000023          0x08000162   Section        0  libinit2.o(.ARM.Collect$$libinit$$00000023)
    .ARM.Collect$$libinit$$00000025          0x08000162   Section        0  libinit2.o(.ARM.Collect$$libinit$$00000025)
    .ARM.Collect$$libinit$$0000002C          0x08000162   Section        0  libinit2.o(.ARM.Collect$$libinit$$0000002C)
    .ARM.Collect$$libinit$$0000002E          0x08000162   Section        0  libinit2.o(.ARM.Collect$$libinit$$0000002E)
    .ARM.Collect$$libinit$$00000030          0x08000162   Section        0  libinit2.o(.ARM.Collect$$libinit$$00000030)
    .ARM.Collect$$libinit$$00000032          0x08000162   Section        0  libinit2.o(.ARM.Collect$$libinit$$00000032)
    .ARM.Collect$$libinit$$00000033          0x08000162   Section        2  libinit2.o(.ARM.Collect$$libinit$$00000033)
    .ARM.Collect$$libshutdown$$00000000      0x08000164   Section        2  libshutdown.o(.ARM.Collect$$libshutdown$$00000000)
    .ARM.Collect$$libshutdown$$00000002      0x08000166   Section        0  libshutdown2.o(.ARM.Collect$$libshutdown$$00000002)
    .ARM.Collect$$libshutdown$$00000004      0x08000166   Section        0  libshutdown2.o(.ARM.Collect$$libshutdown$$00000004)
    .ARM.Collect$$libshutdown$$00000006      0x08000166   Section        0  libshutdown2.o(.ARM.Collect$$libshutdown$$00000006)
    .ARM.Collect$$libshutdown$$00000009      0x08000166   Section        0  libshutdown2.o(.ARM.Collect$$libshutdown$$00000009)
    .ARM.Collect$$libshutdown$$0000000C      0x08000166   Section        0  libshutdown2.o(.ARM.Collect$$libshutdown$$0000000C)
    .ARM.Collect$$libshutdown$$0000000E      0x08000166   Section        0  libshutdown2.o(.ARM.Collect$$libshutdown$$0000000E)
    .ARM.Collect$$libshutdown$$00000011      0x08000166   Section        0  libshutdown2.o(.ARM.Collect$$libshutdown$$00000011)
    .ARM.Collect$$libshutdown$$00000012      0x08000166   Section        2  libshutdown2.o(.ARM.Collect$$libshutdown$$00000012)
    .ARM.Collect$$rtentry$$00000000          0x08000168   Section        0  __rtentry.o(.ARM.Collect$$rtentry$$00000000)
    .ARM.Collect$$rtentry$$00000002          0x08000168   Section        0  __rtentry2.o(.ARM.Collect$$rtentry$$00000002)
    .ARM.Collect$$rtentry$$00000004          0x08000168   Section        6  __rtentry4.o(.ARM.Collect$$rtentry$$00000004)
    .ARM.Collect$$rtentry$$00000009          0x0800016e   Section        0  __rtentry2.o(.ARM.Collect$$rtentry$$00000009)
    .ARM.Collect$$rtentry$$0000000A          0x0800016e   Section        4  __rtentry2.o(.ARM.Collect$$rtentry$$0000000A)
    .ARM.Collect$$rtentry$$0000000C          0x08000172   Section        0  __rtentry2.o(.ARM.Collect$$rtentry$$0000000C)
    .ARM.Collect$$rtentry$$0000000D          0x08000172   Section        8  __rtentry2.o(.ARM.Collect$$rtentry$$0000000D)
    .ARM.Collect$$rtexit$$00000000           0x0800017a   Section        2  rtexit.o(.ARM.Collect$$rtexit$$00000000)
    .ARM.Collect$$rtexit$$00000002           0x0800017c   Section        0  rtexit2.o(.ARM.Collect$$rtexit$$00000002)
    .ARM.Collect$$rtexit$$00000003           0x0800017c   Section        4  rtexit2.o(.ARM.Collect$$rtexit$$00000003)
    .ARM.Collect$$rtexit$$00000004           0x08000180   Section        6  rtexit2.o(.ARM.Collect$$rtexit$$00000004)
    .text                                    0x08000188   Section       64  startup_stm32f10x_md.o(.text)
    .text                                    0x080001c8   Section        2  use_no_semi_2.o(.text)
    .text                                    0x080001cc   Section        0  noretval__2printf.o(.text)
    .text                                    0x080001e4   Section        0  heapauxi.o(.text)
    .text                                    0x080001ea   Section        2  use_no_semi.o(.text)
    .text                                    0x080001ec   Section        0  _printf_char_file.o(.text)
    .text                                    0x08000210   Section        0  _printf_char_common.o(.text)
    _printf_input_char                       0x08000211   Thumb Code    10  _printf_char_common.o(.text)
    .text                                    0x08000240   Section        0  ferror.o(.text)
    .text                                    0x08000248   Section       74  sys_stackheap_outer.o(.text)
    .text                                    0x08000292   Section        0  __printf_nopercent.o(.text)
    .text                                    0x080002ba   Section        0  exit.o(.text)
    .text                                    0x080002cc   Section        8  libspace.o(.text)
    i.BusFault_Handler                       0x080002d4   Section        0  stm32f10x_it.o(i.BusFault_Handler)
    i.DebugMon_Handler                       0x080002d8   Section        0  stm32f10x_it.o(i.DebugMon_Handler)
    i.DelayMs                                0x080002da   Section        0  delay.o(i.DelayMs)
    i.DelayUs                                0x08000318   Section        0  delay.o(i.DelayUs)
    i.DelayXms                               0x08000358   Section        0  delay.o(i.DelayXms)
    i.Delay_Init                             0x080003a0   Section        0  delay.o(i.Delay_Init)
    i.GPIO_Init                              0x080003d8   Section        0  stm32f10x_gpio.o(i.GPIO_Init)
    i.GPIO_ReadInputDataBit                  0x080004ee   Section        0  stm32f10x_gpio.o(i.GPIO_ReadInputDataBit)
    i.GPIO_ReadOutputDataBit                 0x08000500   Section        0  stm32f10x_gpio.o(i.GPIO_ReadOutputDataBit)
    i.GPIO_ResetBits                         0x08000512   Section        0  stm32f10x_gpio.o(i.GPIO_ResetBits)
    i.GPIO_SetBits                           0x08000516   Section        0  stm32f10x_gpio.o(i.GPIO_SetBits)
    i.Get_Weight                             0x0800051c   Section        0  hx711.o(i.Get_Weight)
    i.HX711_Init                             0x0800056c   Section        0  hx711.o(i.HX711_Init)
    i.HX711_Maoqi                            0x080005ac   Section        0  hx711.o(i.HX711_Maoqi)
    i.HX711_Read                             0x080005bc   Section        0  hx711.o(i.HX711_Read)
    i.HardFault_Handler                      0x0800063c   Section        0  stm32f10x_it.o(i.HardFault_Handler)
    i.KEY_Init                               0x08000640   Section        0  key.o(i.KEY_Init)
    i.LCD_Change                             0x08000674   Section        0  key.o(i.LCD_Change)
    i.LCD_Init                               0x080006a0   Section        0  key.o(i.LCD_Init)
    i.MedianFilter                           0x080006d8   Section        0  hx711.o(i.MedianFilter)
    i.MemManage_Handler                      0x08000734   Section        0  stm32f10x_it.o(i.MemManage_Handler)
    i.NMI_Handler                            0x08000738   Section        0  stm32f10x_it.o(i.NMI_Handler)
    i.NVIC_Init                              0x0800073c   Section        0  misc.o(i.NVIC_Init)
    i.NVIC_PriorityGroupConfig               0x080007ac   Section        0  misc.o(i.NVIC_PriorityGroupConfig)
    i.PendSV_Handler                         0x080007c0   Section        0  stm32f10x_it.o(i.PendSV_Handler)
    i.RCC_APB1PeriphClockCmd                 0x080007c4   Section        0  stm32f10x_rcc.o(i.RCC_APB1PeriphClockCmd)
    i.RCC_APB2PeriphClockCmd                 0x080007e4   Section        0  stm32f10x_rcc.o(i.RCC_APB2PeriphClockCmd)
    i.RCC_GetClocksFreq                      0x08000804   Section        0  stm32f10x_rcc.o(i.RCC_GetClocksFreq)
    i.SVC_Handler                            0x080008d8   Section        0  stm32f10x_it.o(i.SVC_Handler)
    i.SetSysClock                            0x080008da   Section        0  system_stm32f10x.o(i.SetSysClock)
    SetSysClock                              0x080008db   Thumb Code     8  system_stm32f10x.o(i.SetSysClock)
    i.SetSysClockTo72                        0x080008e4   Section        0  system_stm32f10x.o(i.SetSysClockTo72)
    SetSysClockTo72                          0x080008e5   Thumb Code   214  system_stm32f10x.o(i.SetSysClockTo72)
    i.SysTick_Handler                        0x080009c4   Section        0  stm32f10x_it.o(i.SysTick_Handler)
    i.SystemInit                             0x080009c8   Section        0  system_stm32f10x.o(i.SystemInit)
    i.TIM2_IRQHandler                        0x08000a28   Section        0  timer.o(i.TIM2_IRQHandler)
    i.TIM_ARRPreloadConfig                   0x08000aa0   Section        0  stm32f10x_tim.o(i.TIM_ARRPreloadConfig)
    i.TIM_ClearITPendingBit                  0x08000ab8   Section        0  stm32f10x_tim.o(i.TIM_ClearITPendingBit)
    i.TIM_Cmd                                0x08000abe   Section        0  stm32f10x_tim.o(i.TIM_Cmd)
    i.TIM_GetITStatus                        0x08000ad6   Section        0  stm32f10x_tim.o(i.TIM_GetITStatus)
    i.TIM_ITConfig                           0x08000af8   Section        0  stm32f10x_tim.o(i.TIM_ITConfig)
    i.TIM_InternalClockConfig                0x08000b0a   Section        0  stm32f10x_tim.o(i.TIM_InternalClockConfig)
    i.TIM_OC1Init                            0x08000b18   Section        0  stm32f10x_tim.o(i.TIM_OC1Init)
    i.TIM_OC1PreloadConfig                   0x08000bb0   Section        0  stm32f10x_tim.o(i.TIM_OC1PreloadConfig)
    i.TIM_OCStructInit                       0x08000bc2   Section        0  stm32f10x_tim.o(i.TIM_OCStructInit)
    i.TIM_TimeBaseInit                       0x08000bd8   Section        0  stm32f10x_tim.o(i.TIM_TimeBaseInit)
    i.UART3_SendByte                         0x08000c7c   Section        0  usart3.o(i.UART3_SendByte)
    i.USART1_IRQHandler                      0x08000c98   Section        0  usart.o(i.USART1_IRQHandler)
    i.USART3_IRQHandler                      0x08000cc8   Section        0  usart3.o(i.USART3_IRQHandler)
    i.USART_ClearITPendingBit                0x08000cec   Section        0  stm32f10x_usart.o(i.USART_ClearITPendingBit)
    i.USART_Cmd                              0x08000d0a   Section        0  stm32f10x_usart.o(i.USART_Cmd)
    i.USART_GetITStatus                      0x08000d22   Section        0  stm32f10x_usart.o(i.USART_GetITStatus)
    i.USART_ITConfig                         0x08000d76   Section        0  stm32f10x_usart.o(i.USART_ITConfig)
    i.USART_Init                             0x08000dc0   Section        0  stm32f10x_usart.o(i.USART_Init)
    i.USART_ReceiveData                      0x08000e98   Section        0  stm32f10x_usart.o(i.USART_ReceiveData)
    i.USART_SendData                         0x08000ea2   Section        0  stm32f10x_usart.o(i.USART_SendData)
    i.UsageFault_Handler                     0x08000eaa   Section        0  stm32f10x_it.o(i.UsageFault_Handler)
    i._sys_exit                              0x08000eae   Section        0  usart.o(i._sys_exit)
    i.all_data_update                        0x08000eb4   Section        0  protocol.o(i.all_data_update)
    i.bubbleSort                             0x08000ed4   Section        0  hx711.o(i.bubbleSort)
    i.data_handle                            0x08000f24   Section        0  system.o(i.data_handle)
    i.data_point_handle                      0x08001008   Section        0  system.o(i.data_point_handle)
    data_point_handle                        0x08001009   Thumb Code    70  system.o(i.data_point_handle)
    i.dp_download_big_feed_handle            0x08001054   Section        0  protocol.o(i.dp_download_big_feed_handle)
    dp_download_big_feed_handle              0x08001055   Thumb Code    48  protocol.o(i.dp_download_big_feed_handle)
    i.dp_download_handle                     0x08001088   Section        0  protocol.o(i.dp_download_handle)
    i.dp_download_middle_feed_handle         0x080010e0   Section        0  protocol.o(i.dp_download_middle_feed_handle)
    dp_download_middle_feed_handle           0x080010e1   Thumb Code    48  protocol.o(i.dp_download_middle_feed_handle)
    i.dp_download_small_feed_handle          0x08001114   Section        0  protocol.o(i.dp_download_small_feed_handle)
    dp_download_small_feed_handle            0x08001115   Thumb Code    48  protocol.o(i.dp_download_small_feed_handle)
    i.dp_download_switch_auto_handle         0x08001148   Section        0  protocol.o(i.dp_download_switch_auto_handle)
    dp_download_switch_auto_handle           0x08001149   Thumb Code    56  protocol.o(i.dp_download_switch_auto_handle)
    i.fputc                                  0x08001184   Section        0  usart.o(i.fputc)
    i.get_check_sum                          0x080011a0   Section        0  system.o(i.get_check_sum)
    i.get_dowmload_dpid_index                0x080011bc   Section        0  system.o(i.get_dowmload_dpid_index)
    get_dowmload_dpid_index                  0x080011bd   Thumb Code    40  system.o(i.get_dowmload_dpid_index)
    i.get_download_cmd_total                 0x080011e8   Section        0  protocol.o(i.get_download_cmd_total)
    i.get_mcu_wifi_mode                      0x080011ec   Section        0  system.o(i.get_mcu_wifi_mode)
    get_mcu_wifi_mode                        0x080011ed   Thumb Code    16  system.o(i.get_mcu_wifi_mode)
    i.heat_beat_check                        0x080011fc   Section        0  system.o(i.heat_beat_check)
    heat_beat_check                          0x080011fd   Thumb Code    50  system.o(i.heat_beat_check)
    i.main                                   0x08001234   Section        0  main.o(i.main)
    i.mcu_dp_bool_update                     0x08001350   Section        0  mcu_api.o(i.mcu_dp_bool_update)
    i.mcu_dp_value_update                    0x080013b4   Section        0  mcu_api.o(i.mcu_dp_value_update)
    i.mcu_get_dp_download_bool               0x0800142c   Section        0  mcu_api.o(i.mcu_get_dp_download_bool)
    i.mcu_reset_wifi                         0x08001434   Section        0  mcu_api.o(i.mcu_reset_wifi)
    i.mcu_set_wifi_mode                      0x0800144c   Section        0  mcu_api.o(i.mcu_set_wifi_mode)
    i.my_memcpy                              0x08001474   Section        0  mcu_api.o(i.my_memcpy)
    i.my_strlen                              0x080014b8   Section        0  mcu_api.o(i.my_strlen)
    i.product_info_update                    0x080014d4   Section        0  system.o(i.product_info_update)
    product_info_update                      0x080014d5   Thumb Code   164  system.o(i.product_info_update)
    i.set_wifi_uart_buffer                   0x080015b4   Section        0  system.o(i.set_wifi_uart_buffer)
    i.set_wifi_uart_byte                     0x080015dc   Section        0  system.o(i.set_wifi_uart_byte)
    i.take_byte_rxbuff                       0x080015ec   Section        0  system.o(i.take_byte_rxbuff)
    i.timer2_Init                            0x08001628   Section        0  timer.o(i.timer2_Init)
    i.timer3_Init                            0x08001694   Section        0  timer.o(i.timer3_Init)
    i.uart_receive_input                     0x0800173c   Section        0  mcu_api.o(i.uart_receive_input)
    i.uart_transmit_output                   0x08001794   Section        0  protocol.o(i.uart_transmit_output)
    i.usart3_init                            0x080017a0   Section        0  usart3.o(i.usart3_init)
    i.usart_init                             0x08001848   Section        0  usart.o(i.usart_init)
    i.wifi_protocol_init                     0x080018e8   Section        0  mcu_api.o(i.wifi_protocol_init)
    i.wifi_test_result                       0x08001914   Section        0  protocol.o(i.wifi_test_result)
    i.wifi_uart_service                      0x0800191c   Section        0  mcu_api.o(i.wifi_uart_service)
    i.wifi_uart_write_data                   0x08001a14   Section        0  system.o(i.wifi_uart_write_data)
    wifi_uart_write_data                     0x08001a15   Thumb Code    36  system.o(i.wifi_uart_write_data)
    i.wifi_uart_write_frame                  0x08001a38   Section        0  system.o(i.wifi_uart_write_frame)
    i.with_data_rxbuff                       0x08001a80   Section        0  system.o(i.with_data_rxbuff)
    x$fpl$d2f                                0x08001a9c   Section       98  d2f.o(x$fpl$d2f)
    x$fpl$ddiv                               0x08001b00   Section      688  ddiv.o(x$fpl$ddiv)
    ddiv_entry                               0x08001b07   Thumb Code     0  ddiv.o(x$fpl$ddiv)
    x$fpl$dfltu                              0x08001db0   Section       38  dflt_clz.o(x$fpl$dfltu)
    x$fpl$dnaninf                            0x08001dd6   Section      156  dnaninf.o(x$fpl$dnaninf)
    x$fpl$dretinf                            0x08001e72   Section       12  dretinf.o(x$fpl$dretinf)
    x$fpl$fcmpinf                            0x08001e7e   Section       24  fcmpi.o(x$fpl$fcmpinf)
    x$fpl$fdiv                               0x08001e98   Section      388  fdiv.o(x$fpl$fdiv)
    _fdiv1                                   0x08001e99   Thumb Code     0  fdiv.o(x$fpl$fdiv)
    x$fpl$ffixu                              0x0800201c   Section       62  ffixu.o(x$fpl$ffixu)
    x$fpl$fleqf                              0x0800205c   Section      104  fleqf.o(x$fpl$fleqf)
    x$fpl$fnaninf                            0x080020c4   Section      140  fnaninf.o(x$fpl$fnaninf)
    x$fpl$fretinf                            0x08002150   Section       10  fretinf.o(x$fpl$fretinf)
    x$fpl$frleqf                             0x0800215a   Section       98  frleqf.o(x$fpl$frleqf)
    .constdata                               0x080021bc   Section       12  protocol.o(.constdata)
    x$fpl$usenofp                            0x080021bc   Section        0  usenofp.o(x$fpl$usenofp)
    .data                                    0x20000000   Section       20  stm32f10x_rcc.o(.data)
    APBAHBPrescTable                         0x20000000   Data          16  stm32f10x_rcc.o(.data)
    ADCPrescTable                            0x20000010   Data           4  stm32f10x_rcc.o(.data)
    .data                                    0x20000014   Section       17  timer.o(.data)
    cnt                                      0x20000024   Data           1  timer.o(.data)
    .data                                    0x20000026   Section        4  delay.o(.data)
    .data                                    0x2000002c   Section        4  usart.o(.data)
    .data                                    0x20000030   Section       28  hx711.o(.data)
    prevData                                 0x20000038   Data           4  hx711.o(.data)
    p                                        0x2000003c   Data           4  hx711.o(.data)
    q                                        0x20000040   Data           4  hx711.o(.data)
    r                                        0x20000044   Data           4  hx711.o(.data)
    kGain                                    0x20000048   Data           4  hx711.o(.data)
    .data                                    0x2000004c   Section        2  mcu_api.o(.data)
    rx_in                                    0x2000004c   Data           2  mcu_api.o(.data)
    .data                                    0x20000050   Section       13  system.o(.data)
    mcu_reset_state                          0x2000005c   Data           1  system.o(.data)
    .bss                                     0x20000060   Section       20  hx711.o(.bss)
    .bss                                     0x20000074   Section      109  system.o(.bss)
    .bss                                     0x200000e4   Section       96  libspace.o(.bss)
    HEAP                                     0x20000148   Section      512  startup_stm32f10x_md.o(HEAP)
    Heap_Mem                                 0x20000148   Data         512  startup_stm32f10x_md.o(HEAP)
    STACK                                    0x20000348   Section     1024  startup_stm32f10x_md.o(STACK)
    Stack_Mem                                0x20000348   Data        1024  startup_stm32f10x_md.o(STACK)
    __initial_sp                             0x20000748   Data           0  startup_stm32f10x_md.o(STACK)

    Global Symbols

    Symbol Name                              Value     Ov Type        Size  Object(Section)

    BuildAttributes$$THM_ISAv4$P$D$K$B$S$PE$A:L22UL41UL21$X:L11$S22US41US21$IEEE1$IW$USESV6$~STKCKD$USESV7$~SHL$OSPACE$ROPI$EBA8$UX$STANDARDLIB$REQ8$PRES8$EABIv2 0x00000000   Number         0  anon$$obj.o ABSOLUTE
    __ARM_use_no_argv                        0x00000000   Number         0  main.o ABSOLUTE
    __ARM_exceptions_init                     - Undefined Weak Reference
    __alloca_initialize                       - Undefined Weak Reference
    __arm_fini_                               - Undefined Weak Reference
    __arm_preinit_                            - Undefined Weak Reference
    __cpp_initialize__aeabi_                  - Undefined Weak Reference
    __cxa_finalize                            - Undefined Weak Reference
    __rt_locale                               - Undefined Weak Reference
    __sigvec_lookup                           - Undefined Weak Reference
    _atexit_init                              - Undefined Weak Reference
    _call_atexit_fns                          - Undefined Weak Reference
    _clock_init                               - Undefined Weak Reference
    _fp_trap_init                             - Undefined Weak Reference
    _fp_trap_shutdown                         - Undefined Weak Reference
    _get_lc_collate                           - Undefined Weak Reference
    _get_lc_ctype                             - Undefined Weak Reference
    _get_lc_monetary                          - Undefined Weak Reference
    _get_lc_numeric                           - Undefined Weak Reference
    _get_lc_time                              - Undefined Weak Reference
    _getenv_init                              - Undefined Weak Reference
    _handle_redirection                       - Undefined Weak Reference
    _init_alloc                               - Undefined Weak Reference
    _init_user_alloc                          - Undefined Weak Reference
    _initio                                   - Undefined Weak Reference
    _mutex_acquire                            - Undefined Weak Reference
    _mutex_release                            - Undefined Weak Reference
    _rand_init                                - Undefined Weak Reference
    _signal_finish                            - Undefined Weak Reference
    _signal_init                              - Undefined Weak Reference
    _terminate_alloc                          - Undefined Weak Reference
    _terminate_user_alloc                     - Undefined Weak Reference
    _terminateio                              - Undefined Weak Reference
    __Vectors_Size                           0x000000ec   Number         0  startup_stm32f10x_md.o ABSOLUTE
    __Vectors                                0x08000000   Data           4  startup_stm32f10x_md.o(RESET)
    __Vectors_End                            0x080000ec   Data           0  startup_stm32f10x_md.o(RESET)
    __main                                   0x080000ed   Thumb Code     8  __main.o(!!!main)
    __scatterload                            0x080000f5   Thumb Code     0  __scatter.o(!!!scatter)
    __scatterload_rt2                        0x080000f5   Thumb Code    44  __scatter.o(!!!scatter)
    __scatterload_rt2_thumb_only             0x080000f5   Thumb Code     0  __scatter.o(!!!scatter)
    __scatterload_null                       0x08000103   Thumb Code     0  __scatter.o(!!!scatter)
    __scatterload_copy                       0x08000129   Thumb Code    26  __scatter_copy.o(!!handler_copy)
    __scatterload_zeroinit                   0x08000145   Thumb Code    28  __scatter_zi.o(!!handler_zi)
    __rt_lib_init                            0x08000161   Thumb Code     0  libinit.o(.ARM.Collect$$libinit$$00000000)
    __rt_lib_init_alloca_1                   0x08000163   Thumb Code     0  libinit2.o(.ARM.Collect$$libinit$$0000002E)
    __rt_lib_init_argv_1                     0x08000163   Thumb Code     0  libinit2.o(.ARM.Collect$$libinit$$0000002C)
    __rt_lib_init_atexit_1                   0x08000163   Thumb Code     0  libinit2.o(.ARM.Collect$$libinit$$0000001B)
    __rt_lib_init_clock_1                    0x08000163   Thumb Code     0  libinit2.o(.ARM.Collect$$libinit$$00000021)
    __rt_lib_init_cpp_1                      0x08000163   Thumb Code     0  libinit2.o(.ARM.Collect$$libinit$$00000032)
    __rt_lib_init_exceptions_1               0x08000163   Thumb Code     0  libinit2.o(.ARM.Collect$$libinit$$00000030)
    __rt_lib_init_fp_1                       0x08000163   Thumb Code     0  libinit2.o(.ARM.Collect$$libinit$$00000002)
    __rt_lib_init_fp_trap_1                  0x08000163   Thumb Code     0  libinit2.o(.ARM.Collect$$libinit$$0000001F)
    __rt_lib_init_getenv_1                   0x08000163   Thumb Code     0  libinit2.o(.ARM.Collect$$libinit$$00000023)
    __rt_lib_init_heap_1                     0x08000163   Thumb Code     0  libinit2.o(.ARM.Collect$$libinit$$0000000A)
    __rt_lib_init_lc_collate_1               0x08000163   Thumb Code     0  libinit2.o(.ARM.Collect$$libinit$$00000011)
    __rt_lib_init_lc_ctype_1                 0x08000163   Thumb Code     0  libinit2.o(.ARM.Collect$$libinit$$00000013)
    __rt_lib_init_lc_monetary_1              0x08000163   Thumb Code     0  libinit2.o(.ARM.Collect$$libinit$$00000015)
    __rt_lib_init_lc_numeric_1               0x08000163   Thumb Code     0  libinit2.o(.ARM.Collect$$libinit$$00000017)
    __rt_lib_init_lc_time_1                  0x08000163   Thumb Code     0  libinit2.o(.ARM.Collect$$libinit$$00000019)
    __rt_lib_init_preinit_1                  0x08000163   Thumb Code     0  libinit2.o(.ARM.Collect$$libinit$$00000004)
    __rt_lib_init_rand_1                     0x08000163   Thumb Code     0  libinit2.o(.ARM.Collect$$libinit$$0000000E)
    __rt_lib_init_return                     0x08000163   Thumb Code     0  libinit2.o(.ARM.Collect$$libinit$$00000033)
    __rt_lib_init_signal_1                   0x08000163   Thumb Code     0  libinit2.o(.ARM.Collect$$libinit$$0000001D)
    __rt_lib_init_stdio_1                    0x08000163   Thumb Code     0  libinit2.o(.ARM.Collect$$libinit$$00000025)
    __rt_lib_init_user_alloc_1               0x08000163   Thumb Code     0  libinit2.o(.ARM.Collect$$libinit$$0000000C)
    __rt_lib_shutdown                        0x08000165   Thumb Code     0  libshutdown.o(.ARM.Collect$$libshutdown$$00000000)
    __rt_lib_shutdown_cpp_1                  0x08000167   Thumb Code     0  libshutdown2.o(.ARM.Collect$$libshutdown$$00000004)
    __rt_lib_shutdown_fini_1                 0x08000167   Thumb Code     0  libshutdown2.o(.ARM.Collect$$libshutdown$$00000002)
    __rt_lib_shutdown_fp_trap_1              0x08000167   Thumb Code     0  libshutdown2.o(.ARM.Collect$$libshutdown$$00000009)
    __rt_lib_shutdown_heap_1                 0x08000167   Thumb Code     0  libshutdown2.o(.ARM.Collect$$libshutdown$$00000011)
    __rt_lib_shutdown_return                 0x08000167   Thumb Code     0  libshutdown2.o(.ARM.Collect$$libshutdown$$00000012)
    __rt_lib_shutdown_signal_1               0x08000167   Thumb Code     0  libshutdown2.o(.ARM.Collect$$libshutdown$$0000000C)
    __rt_lib_shutdown_stdio_1                0x08000167   Thumb Code     0  libshutdown2.o(.ARM.Collect$$libshutdown$$00000006)
    __rt_lib_shutdown_user_alloc_1           0x08000167   Thumb Code     0  libshutdown2.o(.ARM.Collect$$libshutdown$$0000000E)
    __rt_entry                               0x08000169   Thumb Code     0  __rtentry.o(.ARM.Collect$$rtentry$$00000000)
    __rt_entry_presh_1                       0x08000169   Thumb Code     0  __rtentry2.o(.ARM.Collect$$rtentry$$00000002)
    __rt_entry_sh                            0x08000169   Thumb Code     0  __rtentry4.o(.ARM.Collect$$rtentry$$00000004)
    __rt_entry_li                            0x0800016f   Thumb Code     0  __rtentry2.o(.ARM.Collect$$rtentry$$0000000A)
    __rt_entry_postsh_1                      0x0800016f   Thumb Code     0  __rtentry2.o(.ARM.Collect$$rtentry$$00000009)
    __rt_entry_main                          0x08000173   Thumb Code     0  __rtentry2.o(.ARM.Collect$$rtentry$$0000000D)
    __rt_entry_postli_1                      0x08000173   Thumb Code     0  __rtentry2.o(.ARM.Collect$$rtentry$$0000000C)
    __rt_exit                                0x0800017b   Thumb Code     0  rtexit.o(.ARM.Collect$$rtexit$$00000000)
    __rt_exit_ls                             0x0800017d   Thumb Code     0  rtexit2.o(.ARM.Collect$$rtexit$$00000003)
    __rt_exit_prels_1                        0x0800017d   Thumb Code     0  rtexit2.o(.ARM.Collect$$rtexit$$00000002)
    __rt_exit_exit                           0x08000181   Thumb Code     0  rtexit2.o(.ARM.Collect$$rtexit$$00000004)
    Reset_Handler                            0x08000189   Thumb Code     8  startup_stm32f10x_md.o(.text)
    ADC1_2_IRQHandler                        0x080001a3   Thumb Code     0  startup_stm32f10x_md.o(.text)
    CAN1_RX1_IRQHandler                      0x080001a3   Thumb Code     0  startup_stm32f10x_md.o(.text)
    CAN1_SCE_IRQHandler                      0x080001a3   Thumb Code     0  startup_stm32f10x_md.o(.text)
    DMA1_Channel1_IRQHandler                 0x080001a3   Thumb Code     0  startup_stm32f10x_md.o(.text)
    DMA1_Channel2_IRQHandler                 0x080001a3   Thumb Code     0  startup_stm32f10x_md.o(.text)
    DMA1_Channel3_IRQHandler                 0x080001a3   Thumb Code     0  startup_stm32f10x_md.o(.text)
    DMA1_Channel4_IRQHandler                 0x080001a3   Thumb Code     0  startup_stm32f10x_md.o(.text)
    DMA1_Channel5_IRQHandler                 0x080001a3   Thumb Code     0  startup_stm32f10x_md.o(.text)
    DMA1_Channel6_IRQHandler                 0x080001a3   Thumb Code     0  startup_stm32f10x_md.o(.text)
    DMA1_Channel7_IRQHandler                 0x080001a3   Thumb Code     0  startup_stm32f10x_md.o(.text)
    EXTI0_IRQHandler                         0x080001a3   Thumb Code     0  startup_stm32f10x_md.o(.text)
    EXTI15_10_IRQHandler                     0x080001a3   Thumb Code     0  startup_stm32f10x_md.o(.text)
    EXTI1_IRQHandler                         0x080001a3   Thumb Code     0  startup_stm32f10x_md.o(.text)
    EXTI2_IRQHandler                         0x080001a3   Thumb Code     0  startup_stm32f10x_md.o(.text)
    EXTI3_IRQHandler                         0x080001a3   Thumb Code     0  startup_stm32f10x_md.o(.text)
    EXTI4_IRQHandler                         0x080001a3   Thumb Code     0  startup_stm32f10x_md.o(.text)
    EXTI9_5_IRQHandler                       0x080001a3   Thumb Code     0  startup_stm32f10x_md.o(.text)
    FLASH_IRQHandler                         0x080001a3   Thumb Code     0  startup_stm32f10x_md.o(.text)
    I2C1_ER_IRQHandler                       0x080001a3   Thumb Code     0  startup_stm32f10x_md.o(.text)
    I2C1_EV_IRQHandler                       0x080001a3   Thumb Code     0  startup_stm32f10x_md.o(.text)
    I2C2_ER_IRQHandler                       0x080001a3   Thumb Code     0  startup_stm32f10x_md.o(.text)
    I2C2_EV_IRQHandler                       0x080001a3   Thumb Code     0  startup_stm32f10x_md.o(.text)
    PVD_IRQHandler                           0x080001a3   Thumb Code     0  startup_stm32f10x_md.o(.text)
    RCC_IRQHandler                           0x080001a3   Thumb Code     0  startup_stm32f10x_md.o(.text)
    RTCAlarm_IRQHandler                      0x080001a3   Thumb Code     0  startup_stm32f10x_md.o(.text)
    RTC_IRQHandler                           0x080001a3   Thumb Code     0  startup_stm32f10x_md.o(.text)
    SPI1_IRQHandler                          0x080001a3   Thumb Code     0  startup_stm32f10x_md.o(.text)
    SPI2_IRQHandler                          0x080001a3   Thumb Code     0  startup_stm32f10x_md.o(.text)
    TAMPER_IRQHandler                        0x080001a3   Thumb Code     0  startup_stm32f10x_md.o(.text)
    TIM1_BRK_IRQHandler                      0x080001a3   Thumb Code     0  startup_stm32f10x_md.o(.text)
    TIM1_CC_IRQHandler                       0x080001a3   Thumb Code     0  startup_stm32f10x_md.o(.text)
    TIM1_TRG_COM_IRQHandler                  0x080001a3   Thumb Code     0  startup_stm32f10x_md.o(.text)
    TIM1_UP_IRQHandler                       0x080001a3   Thumb Code     0  startup_stm32f10x_md.o(.text)
    TIM3_IRQHandler                          0x080001a3   Thumb Code     0  startup_stm32f10x_md.o(.text)
    TIM4_IRQHandler                          0x080001a3   Thumb Code     0  startup_stm32f10x_md.o(.text)
    USART2_IRQHandler                        0x080001a3   Thumb Code     0  startup_stm32f10x_md.o(.text)
    USBWakeUp_IRQHandler                     0x080001a3   Thumb Code     0  startup_stm32f10x_md.o(.text)
    USB_HP_CAN1_TX_IRQHandler                0x080001a3   Thumb Code     0  startup_stm32f10x_md.o(.text)
    USB_LP_CAN1_RX0_IRQHandler               0x080001a3   Thumb Code     0  startup_stm32f10x_md.o(.text)
    WWDG_IRQHandler                          0x080001a3   Thumb Code     0  startup_stm32f10x_md.o(.text)
    __user_initial_stackheap                 0x080001a5   Thumb Code     0  startup_stm32f10x_md.o(.text)
    __use_no_semihosting                     0x080001c9   Thumb Code     2  use_no_semi_2.o(.text)
    __2printf                                0x080001cd   Thumb Code    20  noretval__2printf.o(.text)
    __use_two_region_memory                  0x080001e5   Thumb Code     2  heapauxi.o(.text)
    __rt_heap_escrow$2region                 0x080001e7   Thumb Code     2  heapauxi.o(.text)
    __rt_heap_expand$2region                 0x080001e9   Thumb Code     2  heapauxi.o(.text)
    __I$use$semihosting                      0x080001eb   Thumb Code     0  use_no_semi.o(.text)
    __use_no_semihosting_swi                 0x080001eb   Thumb Code     2  use_no_semi.o(.text)
    _printf_char_file                        0x080001ed   Thumb Code    32  _printf_char_file.o(.text)
    _printf_char_common                      0x0800021b   Thumb Code    32  _printf_char_common.o(.text)
    ferror                                   0x08000241   Thumb Code     8  ferror.o(.text)
    __user_setup_stackheap                   0x08000249   Thumb Code    74  sys_stackheap_outer.o(.text)
    __printf                                 0x08000293   Thumb Code    40  __printf_nopercent.o(.text)
    exit                                     0x080002bb   Thumb Code    18  exit.o(.text)
    __user_libspace                          0x080002cd   Thumb Code     8  libspace.o(.text)
    __user_perproc_libspace                  0x080002cd   Thumb Code     0  libspace.o(.text)
    __user_perthread_libspace                0x080002cd   Thumb Code     0  libspace.o(.text)
    BusFault_Handler                         0x080002d5   Thumb Code     4  stm32f10x_it.o(i.BusFault_Handler)
    DebugMon_Handler                         0x080002d9   Thumb Code     2  stm32f10x_it.o(i.DebugMon_Handler)
    DelayMs                                  0x080002db   Thumb Code    60  delay.o(i.DelayMs)
    DelayUs                                  0x08000319   Thumb Code    60  delay.o(i.DelayUs)
    DelayXms                                 0x08000359   Thumb Code    66  delay.o(i.DelayXms)
    Delay_Init                               0x080003a1   Thumb Code    48  delay.o(i.Delay_Init)
    GPIO_Init                                0x080003d9   Thumb Code   278  stm32f10x_gpio.o(i.GPIO_Init)
    GPIO_ReadInputDataBit                    0x080004ef   Thumb Code    18  stm32f10x_gpio.o(i.GPIO_ReadInputDataBit)
    GPIO_ReadOutputDataBit                   0x08000501   Thumb Code    18  stm32f10x_gpio.o(i.GPIO_ReadOutputDataBit)
    GPIO_ResetBits                           0x08000513   Thumb Code     4  stm32f10x_gpio.o(i.GPIO_ResetBits)
    GPIO_SetBits                             0x08000517   Thumb Code     4  stm32f10x_gpio.o(i.GPIO_SetBits)
    Get_Weight                               0x0800051d   Thumb Code    66  hx711.o(i.Get_Weight)
    HX711_Init                               0x0800056d   Thumb Code    58  hx711.o(i.HX711_Init)
    HX711_Maoqi                              0x080005ad   Thumb Code    12  hx711.o(i.HX711_Maoqi)
    HX711_Read                               0x080005bd   Thumb Code   124  hx711.o(i.HX711_Read)
    HardFault_Handler                        0x0800063d   Thumb Code     4  stm32f10x_it.o(i.HardFault_Handler)
    KEY_Init                                 0x08000641   Thumb Code    48  key.o(i.KEY_Init)
    LCD_Change                               0x08000675   Thumb Code    38  key.o(i.LCD_Change)
    LCD_Init                                 0x080006a1   Thumb Code    50  key.o(i.LCD_Init)
    MedianFilter                             0x080006d9   Thumb Code    78  hx711.o(i.MedianFilter)
    MemManage_Handler                        0x08000735   Thumb Code     4  stm32f10x_it.o(i.MemManage_Handler)
    NMI_Handler                              0x08000739   Thumb Code     2  stm32f10x_it.o(i.NMI_Handler)
    NVIC_Init                                0x0800073d   Thumb Code   100  misc.o(i.NVIC_Init)
    NVIC_PriorityGroupConfig                 0x080007ad   Thumb Code    10  misc.o(i.NVIC_PriorityGroupConfig)
    PendSV_Handler                           0x080007c1   Thumb Code     2  stm32f10x_it.o(i.PendSV_Handler)
    RCC_APB1PeriphClockCmd                   0x080007c5   Thumb Code    26  stm32f10x_rcc.o(i.RCC_APB1PeriphClockCmd)
    RCC_APB2PeriphClockCmd                   0x080007e5   Thumb Code    26  stm32f10x_rcc.o(i.RCC_APB2PeriphClockCmd)
    RCC_GetClocksFreq                        0x08000805   Thumb Code   192  stm32f10x_rcc.o(i.RCC_GetClocksFreq)
    SVC_Handler                              0x080008d9   Thumb Code     2  stm32f10x_it.o(i.SVC_Handler)
    SysTick_Handler                          0x080009c5   Thumb Code     2  stm32f10x_it.o(i.SysTick_Handler)
    SystemInit                               0x080009c9   Thumb Code    78  system_stm32f10x.o(i.SystemInit)
    TIM2_IRQHandler                          0x08000a29   Thumb Code    96  timer.o(i.TIM2_IRQHandler)
    TIM_ARRPreloadConfig                     0x08000aa1   Thumb Code    24  stm32f10x_tim.o(i.TIM_ARRPreloadConfig)
    TIM_ClearITPendingBit                    0x08000ab9   Thumb Code     6  stm32f10x_tim.o(i.TIM_ClearITPendingBit)
    TIM_Cmd                                  0x08000abf   Thumb Code    24  stm32f10x_tim.o(i.TIM_Cmd)
    TIM_GetITStatus                          0x08000ad7   Thumb Code    34  stm32f10x_tim.o(i.TIM_GetITStatus)
    TIM_ITConfig                             0x08000af9   Thumb Code    18  stm32f10x_tim.o(i.TIM_ITConfig)
    TIM_InternalClockConfig                  0x08000b0b   Thumb Code    12  stm32f10x_tim.o(i.TIM_InternalClockConfig)
    TIM_OC1Init                              0x08000b19   Thumb Code   132  stm32f10x_tim.o(i.TIM_OC1Init)
    TIM_OC1PreloadConfig                     0x08000bb1   Thumb Code    18  stm32f10x_tim.o(i.TIM_OC1PreloadConfig)
    TIM_OCStructInit                         0x08000bc3   Thumb Code    20  stm32f10x_tim.o(i.TIM_OCStructInit)
    TIM_TimeBaseInit                         0x08000bd9   Thumb Code   122  stm32f10x_tim.o(i.TIM_TimeBaseInit)
    UART3_SendByte                           0x08000c7d   Thumb Code    22  usart3.o(i.UART3_SendByte)
    USART1_IRQHandler                        0x08000c99   Thumb Code    44  usart.o(i.USART1_IRQHandler)
    USART3_IRQHandler                        0x08000cc9   Thumb Code    30  usart3.o(i.USART3_IRQHandler)
    USART_ClearITPendingBit                  0x08000ced   Thumb Code    30  stm32f10x_usart.o(i.USART_ClearITPendingBit)
    USART_Cmd                                0x08000d0b   Thumb Code    24  stm32f10x_usart.o(i.USART_Cmd)
    USART_GetITStatus                        0x08000d23   Thumb Code    84  stm32f10x_usart.o(i.USART_GetITStatus)
    USART_ITConfig                           0x08000d77   Thumb Code    74  stm32f10x_usart.o(i.USART_ITConfig)
    USART_Init                               0x08000dc1   Thumb Code   210  stm32f10x_usart.o(i.USART_Init)
    USART_ReceiveData                        0x08000e99   Thumb Code    10  stm32f10x_usart.o(i.USART_ReceiveData)
    USART_SendData                           0x08000ea3   Thumb Code     8  stm32f10x_usart.o(i.USART_SendData)
    UsageFault_Handler                       0x08000eab   Thumb Code     4  stm32f10x_it.o(i.UsageFault_Handler)
    _sys_exit                                0x08000eaf   Thumb Code     4  usart.o(i._sys_exit)
    all_data_update                          0x08000eb5   Thumb Code    24  protocol.o(i.all_data_update)
    bubbleSort                               0x08000ed5   Thumb Code    80  hx711.o(i.bubbleSort)
    data_handle                              0x08000f25   Thumb Code   210  system.o(i.data_handle)
    dp_download_handle                       0x08001089   Thumb Code    86  protocol.o(i.dp_download_handle)
    fputc                                    0x08001185   Thumb Code    24  usart.o(i.fputc)
    get_check_sum                            0x080011a1   Thumb Code    28  system.o(i.get_check_sum)
    get_download_cmd_total                   0x080011e9   Thumb Code     4  protocol.o(i.get_download_cmd_total)
    main                                     0x08001235   Thumb Code   234  main.o(i.main)
    mcu_dp_bool_update                       0x08001351   Thumb Code    96  mcu_api.o(i.mcu_dp_bool_update)
    mcu_dp_value_update                      0x080013b5   Thumb Code   116  mcu_api.o(i.mcu_dp_value_update)
    mcu_get_dp_download_bool                 0x0800142d   Thumb Code     6  mcu_api.o(i.mcu_get_dp_download_bool)
    mcu_reset_wifi                           0x08001435   Thumb Code    20  mcu_api.o(i.mcu_reset_wifi)
    mcu_set_wifi_mode                        0x0800144d   Thumb Code    34  mcu_api.o(i.mcu_set_wifi_mode)
    my_memcpy                                0x08001475   Thumb Code    68  mcu_api.o(i.my_memcpy)
    my_strlen                                0x080014b9   Thumb Code    28  mcu_api.o(i.my_strlen)
    set_wifi_uart_buffer                     0x080015b5   Thumb Code    34  system.o(i.set_wifi_uart_buffer)
    set_wifi_uart_byte                       0x080015dd   Thumb Code    12  system.o(i.set_wifi_uart_byte)
    take_byte_rxbuff                         0x080015ed   Thumb Code    46  system.o(i.take_byte_rxbuff)
    timer2_Init                              0x08001629   Thumb Code   106  timer.o(i.timer2_Init)
    timer3_Init                              0x08001695   Thumb Code   158  timer.o(i.timer3_Init)
    uart_receive_input                       0x0800173d   Thumb Code    74  mcu_api.o(i.uart_receive_input)
    uart_transmit_output                     0x08001795   Thumb Code    12  protocol.o(i.uart_transmit_output)
    usart3_init                              0x080017a1   Thumb Code   158  usart3.o(i.usart3_init)
    usart_init                               0x08001849   Thumb Code   152  usart.o(i.usart_init)
    wifi_protocol_init                       0x080018e9   Thumb Code    24  mcu_api.o(i.wifi_protocol_init)
    wifi_test_result                         0x08001915   Thumb Code     8  protocol.o(i.wifi_test_result)
    wifi_uart_service                        0x0800191d   Thumb Code   238  mcu_api.o(i.wifi_uart_service)
    wifi_uart_write_frame                    0x08001a39   Thumb Code    68  system.o(i.wifi_uart_write_frame)
    with_data_rxbuff                         0x08001a81   Thumb Code    20  system.o(i.with_data_rxbuff)
    __aeabi_d2f                              0x08001a9d   Thumb Code     0  d2f.o(x$fpl$d2f)
    _d2f                                     0x08001a9d   Thumb Code    98  d2f.o(x$fpl$d2f)
    __aeabi_ddiv                             0x08001b01   Thumb Code     0  ddiv.o(x$fpl$ddiv)
    _ddiv                                    0x08001b01   Thumb Code   552  ddiv.o(x$fpl$ddiv)
    __aeabi_ui2d                             0x08001db1   Thumb Code     0  dflt_clz.o(x$fpl$dfltu)
    _dfltu                                   0x08001db1   Thumb Code    38  dflt_clz.o(x$fpl$dfltu)
    __fpl_dnaninf                            0x08001dd7   Thumb Code   156  dnaninf.o(x$fpl$dnaninf)
    __fpl_dretinf                            0x08001e73   Thumb Code    12  dretinf.o(x$fpl$dretinf)
    __fpl_fcmp_Inf                           0x08001e7f   Thumb Code    24  fcmpi.o(x$fpl$fcmpinf)
    __aeabi_fdiv                             0x08001e99   Thumb Code     0  fdiv.o(x$fpl$fdiv)
    _fdiv                                    0x08001e99   Thumb Code   384  fdiv.o(x$fpl$fdiv)
    __aeabi_f2uiz                            0x0800201d   Thumb Code     0  ffixu.o(x$fpl$ffixu)
    _ffixu                                   0x0800201d   Thumb Code    62  ffixu.o(x$fpl$ffixu)
    __aeabi_cfcmple                          0x0800205d   Thumb Code     0  fleqf.o(x$fpl$fleqf)
    _fcmple                                  0x0800205d   Thumb Code   104  fleqf.o(x$fpl$fleqf)
    __fpl_fcmple_InfNaN                      0x080020af   Thumb Code     0  fleqf.o(x$fpl$fleqf)
    __fpl_fnaninf                            0x080020c5   Thumb Code   140  fnaninf.o(x$fpl$fnaninf)
    __fpl_fretinf                            0x08002151   Thumb Code    10  fretinf.o(x$fpl$fretinf)
    __aeabi_cfrcmple                         0x0800215b   Thumb Code     0  frleqf.o(x$fpl$frleqf)
    _frcmple                                 0x0800215b   Thumb Code    98  frleqf.o(x$fpl$frleqf)
    __I$use$fp                               0x080021bc   Number         0  usenofp.o(x$fpl$usenofp)
    download_cmd                             0x080021bc   Data          12  protocol.o(.constdata)
    Region$$Table$$Base                      0x080021c8   Number         0  anon$$obj.o(Region$$Table)
    Region$$Table$$Limit                     0x080021e8   Number         0  anon$$obj.o(Region$$Table)
    total_weight                             0x20000014   Data           1  timer.o(.data)
    tub_weight                               0x20000015   Data           1  timer.o(.data)
    weight_gross                             0x20000018   Data           4  timer.o(.data)
    weight_tub                               0x2000001c   Data           4  timer.o(.data)
    flag_auto                                0x20000020   Data           1  timer.o(.data)
    flag_small                               0x20000021   Data           1  timer.o(.data)
    flag_middle                              0x20000022   Data           1  timer.o(.data)
    flag_big                                 0x20000023   Data           1  timer.o(.data)
    UsCount                                  0x20000026   Data           1  delay.o(.data)
    MsCount                                  0x20000028   Data           2  delay.o(.data)
    __stdout                                 0x2000002c   Data           4  usart.o(.data)
    Weight_Maopi                             0x20000030   Data           4  hx711.o(.data)
    medleng                                  0x20000034   Data           1  hx711.o(.data)
    bufferIndex                              0x20000035   Data           1  hx711.o(.data)
    rx_buf_in                                0x20000050   Data           4  system.o(.data)
    rx_buf_out                               0x20000054   Data           4  system.o(.data)
    stop_update_flag                         0x20000058   Data           1  system.o(.data)
    reset_wifi_flag                          0x20000059   Data           1  system.o(.data)
    set_wifimode_flag                        0x2000005a   Data           1  system.o(.data)
    wifi_work_state                          0x2000005b   Data           1  system.o(.data)
    buffer                                   0x20000060   Data          20  hx711.o(.bss)
    wifi_data_process_buf                    0x20000074   Data          31  system.o(.bss)
    wifi_uart_rx_buf                         0x20000093   Data          23  system.o(.bss)
    wifi_uart_tx_buf                         0x200000aa   Data          55  system.o(.bss)
    __libspace_start                         0x200000e4   Data          96  libspace.o(.bss)
    __temporary_stack_top$libspace           0x20000144   Data           0  libspace.o(.bss)



==============================================================================

Memory Map of the image

  Image Entry point : 0x080000ed

  Load Region LR_IROM1 (Base: 0x08000000, Size: 0x00002248, Max: 0x00010000, ABSOLUTE)

    Execution Region ER_IROM1 (Exec base: 0x08000000, Load base: 0x08000000, Size: 0x000021e8, Max: 0x00010000, ABSOLUTE)

    Exec Addr    Load Addr    Size         Type   Attr      Idx    E Section Name        Object

    0x08000000   0x08000000   0x000000ec   Data   RO         3138    RESET               startup_stm32f10x_md.o
    0x080000ec   0x080000ec   0x00000008   Code   RO         3988  * !!!main             c_w.l(__main.o)
    0x080000f4   0x080000f4   0x00000034   Code   RO         4198    !!!scatter          c_w.l(__scatter.o)
    0x08000128   0x08000128   0x0000001a   Code   RO         4200    !!handler_copy      c_w.l(__scatter_copy.o)
    0x08000142   0x08000142   0x00000002   PAD
    0x08000144   0x08000144   0x0000001c   Code   RO         4202    !!handler_zi        c_w.l(__scatter_zi.o)
    0x08000160   0x08000160   0x00000002   Code   RO         4070    .ARM.Collect$$libinit$$00000000  c_w.l(libinit.o)
    0x08000162   0x08000162   0x00000000   Code   RO         4077    .ARM.Collect$$libinit$$00000002  c_w.l(libinit2.o)
    0x08000162   0x08000162   0x00000000   Code   RO         4079    .ARM.Collect$$libinit$$00000004  c_w.l(libinit2.o)
    0x08000162   0x08000162   0x00000000   Code   RO         4082    .ARM.Collect$$libinit$$0000000A  c_w.l(libinit2.o)
    0x08000162   0x08000162   0x00000000   Code   RO         4084    .ARM.Collect$$libinit$$0000000C  c_w.l(libinit2.o)
    0x08000162   0x08000162   0x00000000   Code   RO         4086    .ARM.Collect$$libinit$$0000000E  c_w.l(libinit2.o)
    0x08000162   0x08000162   0x00000000   Code   RO         4089    .ARM.Collect$$libinit$$00000011  c_w.l(libinit2.o)
    0x08000162   0x08000162   0x00000000   Code   RO         4091    .ARM.Collect$$libinit$$00000013  c_w.l(libinit2.o)
    0x08000162   0x08000162   0x00000000   Code   RO         4093    .ARM.Collect$$libinit$$00000015  c_w.l(libinit2.o)
    0x08000162   0x08000162   0x00000000   Code   RO         4095    .ARM.Collect$$libinit$$00000017  c_w.l(libinit2.o)
    0x08000162   0x08000162   0x00000000   Code   RO         4097    .ARM.Collect$$libinit$$00000019  c_w.l(libinit2.o)
    0x08000162   0x08000162   0x00000000   Code   RO         4099    .ARM.Collect$$libinit$$0000001B  c_w.l(libinit2.o)
    0x08000162   0x08000162   0x00000000   Code   RO         4101    .ARM.Collect$$libinit$$0000001D  c_w.l(libinit2.o)
    0x08000162   0x08000162   0x00000000   Code   RO         4103    .ARM.Collect$$libinit$$0000001F  c_w.l(libinit2.o)
    0x08000162   0x08000162   0x00000000   Code   RO         4105    .ARM.Collect$$libinit$$00000021  c_w.l(libinit2.o)
    0x08000162   0x08000162   0x00000000   Code   RO         4107    .ARM.Collect$$libinit$$00000023  c_w.l(libinit2.o)
    0x08000162   0x08000162   0x00000000   Code   RO         4109    .ARM.Collect$$libinit$$00000025  c_w.l(libinit2.o)
    0x08000162   0x08000162   0x00000000   Code   RO         4113    .ARM.Collect$$libinit$$0000002C  c_w.l(libinit2.o)
    0x08000162   0x08000162   0x00000000   Code   RO         4115    .ARM.Collect$$libinit$$0000002E  c_w.l(libinit2.o)
    0x08000162   0x08000162   0x00000000   Code   RO         4117    .ARM.Collect$$libinit$$00000030  c_w.l(libinit2.o)
    0x08000162   0x08000162   0x00000000   Code   RO         4119    .ARM.Collect$$libinit$$00000032  c_w.l(libinit2.o)
    0x08000162   0x08000162   0x00000002   Code   RO         4120    .ARM.Collect$$libinit$$00000033  c_w.l(libinit2.o)
    0x08000164   0x08000164   0x00000002   Code   RO         4138    .ARM.Collect$$libshutdown$$00000000  c_w.l(libshutdown.o)
    0x08000166   0x08000166   0x00000000   Code   RO         4148    .ARM.Collect$$libshutdown$$00000002  c_w.l(libshutdown2.o)
    0x08000166   0x08000166   0x00000000   Code   RO         4150    .ARM.Collect$$libshutdown$$00000004  c_w.l(libshutdown2.o)
    0x08000166   0x08000166   0x00000000   Code   RO         4152    .ARM.Collect$$libshutdown$$00000006  c_w.l(libshutdown2.o)
    0x08000166   0x08000166   0x00000000   Code   RO         4155    .ARM.Collect$$libshutdown$$00000009  c_w.l(libshutdown2.o)
    0x08000166   0x08000166   0x00000000   Code   RO         4158    .ARM.Collect$$libshutdown$$0000000C  c_w.l(libshutdown2.o)
    0x08000166   0x08000166   0x00000000   Code   RO         4160    .ARM.Collect$$libshutdown$$0000000E  c_w.l(libshutdown2.o)
    0x08000166   0x08000166   0x00000000   Code   RO         4163    .ARM.Collect$$libshutdown$$00000011  c_w.l(libshutdown2.o)
    0x08000166   0x08000166   0x00000002   Code   RO         4164    .ARM.Collect$$libshutdown$$00000012  c_w.l(libshutdown2.o)
    0x08000168   0x08000168   0x00000000   Code   RO         4022    .ARM.Collect$$rtentry$$00000000  c_w.l(__rtentry.o)
    0x08000168   0x08000168   0x00000000   Code   RO         4037    .ARM.Collect$$rtentry$$00000002  c_w.l(__rtentry2.o)
    0x08000168   0x08000168   0x00000006   Code   RO         4049    .ARM.Collect$$rtentry$$00000004  c_w.l(__rtentry4.o)
    0x0800016e   0x0800016e   0x00000000   Code   RO         4039    .ARM.Collect$$rtentry$$00000009  c_w.l(__rtentry2.o)
    0x0800016e   0x0800016e   0x00000004   Code   RO         4040    .ARM.Collect$$rtentry$$0000000A  c_w.l(__rtentry2.o)
    0x08000172   0x08000172   0x00000000   Code   RO         4042    .ARM.Collect$$rtentry$$0000000C  c_w.l(__rtentry2.o)
    0x08000172   0x08000172   0x00000008   Code   RO         4043    .ARM.Collect$$rtentry$$0000000D  c_w.l(__rtentry2.o)
    0x0800017a   0x0800017a   0x00000002   Code   RO         4074    .ARM.Collect$$rtexit$$00000000  c_w.l(rtexit.o)
    0x0800017c   0x0800017c   0x00000000   Code   RO         4122    .ARM.Collect$$rtexit$$00000002  c_w.l(rtexit2.o)
    0x0800017c   0x0800017c   0x00000004   Code   RO         4123    .ARM.Collect$$rtexit$$00000003  c_w.l(rtexit2.o)
    0x08000180   0x08000180   0x00000006   Code   RO         4124    .ARM.Collect$$rtexit$$00000004  c_w.l(rtexit2.o)
    0x08000186   0x08000186   0x00000002   PAD
    0x08000188   0x08000188   0x00000040   Code   RO         3139    .text               startup_stm32f10x_md.o
    0x080001c8   0x080001c8   0x00000002   Code   RO         3980    .text               c_w.l(use_no_semi_2.o)
    0x080001ca   0x080001ca   0x00000002   PAD
    0x080001cc   0x080001cc   0x00000018   Code   RO         3984    .text               c_w.l(noretval__2printf.o)
    0x080001e4   0x080001e4   0x00000006   Code   RO         3986    .text               c_w.l(heapauxi.o)
    0x080001ea   0x080001ea   0x00000002   Code   RO         4020    .text               c_w.l(use_no_semi.o)
    0x080001ec   0x080001ec   0x00000024   Code   RO         4023    .text               c_w.l(_printf_char_file.o)
    0x08000210   0x08000210   0x00000030   Code   RO         4051    .text               c_w.l(_printf_char_common.o)
    0x08000240   0x08000240   0x00000008   Code   RO         4053    .text               c_w.l(ferror.o)
    0x08000248   0x08000248   0x0000004a   Code   RO         4059    .text               c_w.l(sys_stackheap_outer.o)
    0x08000292   0x08000292   0x00000028   Code   RO         4061    .text               c_w.l(__printf_nopercent.o)
    0x080002ba   0x080002ba   0x00000012   Code   RO         4063    .text               c_w.l(exit.o)
    0x080002cc   0x080002cc   0x00000008   Code   RO         4071    .text               c_w.l(libspace.o)
    0x080002d4   0x080002d4   0x00000004   Code   RO         3503    i.BusFault_Handler  stm32f10x_it.o
    0x080002d8   0x080002d8   0x00000002   Code   RO         3504    i.DebugMon_Handler  stm32f10x_it.o
    0x080002da   0x080002da   0x0000003c   Code   RO         3402    i.DelayMs           delay.o
    0x08000316   0x08000316   0x00000002   PAD
    0x08000318   0x08000318   0x00000040   Code   RO         3403    i.DelayUs           delay.o
    0x08000358   0x08000358   0x00000048   Code   RO         3404    i.DelayXms          delay.o
    0x080003a0   0x080003a0   0x00000038   Code   RO         3405    i.Delay_Init        delay.o
    0x080003d8   0x080003d8   0x00000116   Code   RO         1276    i.GPIO_Init         stm32f10x_gpio.o
    0x080004ee   0x080004ee   0x00000012   Code   RO         1280    i.GPIO_ReadInputDataBit  stm32f10x_gpio.o
    0x08000500   0x08000500   0x00000012   Code   RO         1282    i.GPIO_ReadOutputDataBit  stm32f10x_gpio.o
    0x08000512   0x08000512   0x00000004   Code   RO         1283    i.GPIO_ResetBits    stm32f10x_gpio.o
    0x08000516   0x08000516   0x00000004   Code   RO         1284    i.GPIO_SetBits      stm32f10x_gpio.o
    0x0800051a   0x0800051a   0x00000002   PAD
    0x0800051c   0x0800051c   0x00000050   Code   RO         3566    i.Get_Weight        hx711.o
    0x0800056c   0x0800056c   0x00000040   Code   RO         3567    i.HX711_Init        hx711.o
    0x080005ac   0x080005ac   0x00000010   Code   RO         3568    i.HX711_Maoqi       hx711.o
    0x080005bc   0x080005bc   0x00000080   Code   RO         3569    i.HX711_Read        hx711.o
    0x0800063c   0x0800063c   0x00000004   Code   RO         3505    i.HardFault_Handler  stm32f10x_it.o
    0x08000640   0x08000640   0x00000034   Code   RO         3621    i.KEY_Init          key.o
    0x08000674   0x08000674   0x0000002c   Code   RO         3622    i.LCD_Change        key.o
    0x080006a0   0x080006a0   0x00000038   Code   RO         3623    i.LCD_Init          key.o
    0x080006d8   0x080006d8   0x0000005c   Code   RO         3571    i.MedianFilter      hx711.o
    0x08000734   0x08000734   0x00000004   Code   RO         3506    i.MemManage_Handler  stm32f10x_it.o
    0x08000738   0x08000738   0x00000002   Code   RO         3507    i.NMI_Handler       stm32f10x_it.o
    0x0800073a   0x0800073a   0x00000002   PAD
    0x0800073c   0x0800073c   0x00000070   Code   RO            1    i.NVIC_Init         misc.o
    0x080007ac   0x080007ac   0x00000014   Code   RO            2    i.NVIC_PriorityGroupConfig  misc.o
    0x080007c0   0x080007c0   0x00000002   Code   RO         3508    i.PendSV_Handler    stm32f10x_it.o
    0x080007c2   0x080007c2   0x00000002   PAD
    0x080007c4   0x080007c4   0x00000020   Code   RO         1704    i.RCC_APB1PeriphClockCmd  stm32f10x_rcc.o
    0x080007e4   0x080007e4   0x00000020   Code   RO         1706    i.RCC_APB2PeriphClockCmd  stm32f10x_rcc.o
    0x08000804   0x08000804   0x000000d4   Code   RO         1714    i.RCC_GetClocksFreq  stm32f10x_rcc.o
    0x080008d8   0x080008d8   0x00000002   Code   RO         3509    i.SVC_Handler       stm32f10x_it.o
    0x080008da   0x080008da   0x00000008   Code   RO         3143    i.SetSysClock       system_stm32f10x.o
    0x080008e2   0x080008e2   0x00000002   PAD
    0x080008e4   0x080008e4   0x000000e0   Code   RO         3144    i.SetSysClockTo72   system_stm32f10x.o
    0x080009c4   0x080009c4   0x00000002   Code   RO         3510    i.SysTick_Handler   stm32f10x_it.o
    0x080009c6   0x080009c6   0x00000002   PAD
    0x080009c8   0x080009c8   0x00000060   Code   RO         3146    i.SystemInit        system_stm32f10x.o
    0x08000a28   0x08000a28   0x00000078   Code   RO         3197    i.TIM2_IRQHandler   timer.o
    0x08000aa0   0x08000aa0   0x00000018   Code   RO         2338    i.TIM_ARRPreloadConfig  stm32f10x_tim.o
    0x08000ab8   0x08000ab8   0x00000006   Code   RO         2345    i.TIM_ClearITPendingBit  stm32f10x_tim.o
    0x08000abe   0x08000abe   0x00000018   Code   RO         2350    i.TIM_Cmd           stm32f10x_tim.o
    0x08000ad6   0x08000ad6   0x00000022   Code   RO         2371    i.TIM_GetITStatus   stm32f10x_tim.o
    0x08000af8   0x08000af8   0x00000012   Code   RO         2375    i.TIM_ITConfig      stm32f10x_tim.o
    0x08000b0a   0x08000b0a   0x0000000c   Code   RO         2377    i.TIM_InternalClockConfig  stm32f10x_tim.o
    0x08000b16   0x08000b16   0x00000002   PAD
    0x08000b18   0x08000b18   0x00000098   Code   RO         2379    i.TIM_OC1Init       stm32f10x_tim.o
    0x08000bb0   0x08000bb0   0x00000012   Code   RO         2382    i.TIM_OC1PreloadConfig  stm32f10x_tim.o
    0x08000bc2   0x08000bc2   0x00000014   Code   RO         2397    i.TIM_OCStructInit  stm32f10x_tim.o
    0x08000bd6   0x08000bd6   0x00000002   PAD
    0x08000bd8   0x08000bd8   0x000000a4   Code   RO         2421    i.TIM_TimeBaseInit  stm32f10x_tim.o
    0x08000c7c   0x08000c7c   0x0000001c   Code   RO         3356    i.UART3_SendByte    usart3.o
    0x08000c98   0x08000c98   0x00000030   Code   RO         3438    i.USART1_IRQHandler  usart.o
    0x08000cc8   0x08000cc8   0x00000024   Code   RO         3357    i.USART3_IRQHandler  usart3.o
    0x08000cec   0x08000cec   0x0000001e   Code   RO         2886    i.USART_ClearITPendingBit  stm32f10x_usart.o
    0x08000d0a   0x08000d0a   0x00000018   Code   RO         2889    i.USART_Cmd         stm32f10x_usart.o
    0x08000d22   0x08000d22   0x00000054   Code   RO         2893    i.USART_GetITStatus  stm32f10x_usart.o
    0x08000d76   0x08000d76   0x0000004a   Code   RO         2895    i.USART_ITConfig    stm32f10x_usart.o
    0x08000dc0   0x08000dc0   0x000000d8   Code   RO         2896    i.USART_Init        stm32f10x_usart.o
    0x08000e98   0x08000e98   0x0000000a   Code   RO         2903    i.USART_ReceiveData  stm32f10x_usart.o
    0x08000ea2   0x08000ea2   0x00000008   Code   RO         2906    i.USART_SendData    stm32f10x_usart.o
    0x08000eaa   0x08000eaa   0x00000004   Code   RO         3511    i.UsageFault_Handler  stm32f10x_it.o
    0x08000eae   0x08000eae   0x00000004   Code   RO         3439    i._sys_exit         usart.o
    0x08000eb2   0x08000eb2   0x00000002   PAD
    0x08000eb4   0x08000eb4   0x00000020   Code   RO         3830    i.all_data_update   protocol.o
    0x08000ed4   0x08000ed4   0x00000050   Code   RO         3572    i.bubbleSort        hx711.o
    0x08000f24   0x08000f24   0x000000e4   Code   RO         3892    i.data_handle       system.o
    0x08001008   0x08001008   0x0000004c   Code   RO         3893    i.data_point_handle  system.o
    0x08001054   0x08001054   0x00000034   Code   RO         3831    i.dp_download_big_feed_handle  protocol.o
    0x08001088   0x08001088   0x00000056   Code   RO         3832    i.dp_download_handle  protocol.o
    0x080010de   0x080010de   0x00000002   PAD
    0x080010e0   0x080010e0   0x00000034   Code   RO         3833    i.dp_download_middle_feed_handle  protocol.o
    0x08001114   0x08001114   0x00000034   Code   RO         3834    i.dp_download_small_feed_handle  protocol.o
    0x08001148   0x08001148   0x0000003c   Code   RO         3835    i.dp_download_switch_auto_handle  protocol.o
    0x08001184   0x08001184   0x0000001c   Code   RO         3440    i.fputc             usart.o
    0x080011a0   0x080011a0   0x0000001c   Code   RO         3894    i.get_check_sum     system.o
    0x080011bc   0x080011bc   0x0000002c   Code   RO         3895    i.get_dowmload_dpid_index  system.o
    0x080011e8   0x080011e8   0x00000004   Code   RO         3836    i.get_download_cmd_total  protocol.o
    0x080011ec   0x080011ec   0x00000010   Code   RO         3896    i.get_mcu_wifi_mode  system.o
    0x080011fc   0x080011fc   0x00000038   Code   RO         3897    i.heat_beat_check   system.o
    0x08001234   0x08001234   0x0000011c   Code   RO         3478    i.main              main.o
    0x08001350   0x08001350   0x00000064   Code   RO         3651    i.mcu_dp_bool_update  mcu_api.o
    0x080013b4   0x080013b4   0x00000078   Code   RO         3656    i.mcu_dp_value_update  mcu_api.o
    0x0800142c   0x0800142c   0x00000006   Code   RO         3657    i.mcu_get_dp_download_bool  mcu_api.o
    0x08001432   0x08001432   0x00000002   PAD
    0x08001434   0x08001434   0x00000018   Code   RO         3663    i.mcu_reset_wifi    mcu_api.o
    0x0800144c   0x0800144c   0x00000028   Code   RO         3664    i.mcu_set_wifi_mode  mcu_api.o
    0x08001474   0x08001474   0x00000044   Code   RO         3666    i.my_memcpy         mcu_api.o
    0x080014b8   0x080014b8   0x0000001c   Code   RO         3670    i.my_strlen         mcu_api.o
    0x080014d4   0x080014d4   0x000000e0   Code   RO         3898    i.product_info_update  system.o
    0x080015b4   0x080015b4   0x00000028   Code   RO         3899    i.set_wifi_uart_buffer  system.o
    0x080015dc   0x080015dc   0x00000010   Code   RO         3900    i.set_wifi_uart_byte  system.o
    0x080015ec   0x080015ec   0x0000003c   Code   RO         3901    i.take_byte_rxbuff  system.o
    0x08001628   0x08001628   0x0000006a   Code   RO         3198    i.timer2_Init       timer.o
    0x08001692   0x08001692   0x00000002   PAD
    0x08001694   0x08001694   0x000000a8   Code   RO         3199    i.timer3_Init       timer.o
    0x0800173c   0x0800173c   0x00000058   Code   RO         3672    i.uart_receive_input  mcu_api.o
    0x08001794   0x08001794   0x0000000c   Code   RO         3837    i.uart_transmit_output  protocol.o
    0x080017a0   0x080017a0   0x000000a8   Code   RO         3358    i.usart3_init       usart3.o
    0x08001848   0x08001848   0x000000a0   Code   RO         3441    i.usart_init        usart.o
    0x080018e8   0x080018e8   0x0000002c   Code   RO         3673    i.wifi_protocol_init  mcu_api.o
    0x08001914   0x08001914   0x00000008   Code   RO         3838    i.wifi_test_result  protocol.o
    0x0800191c   0x0800191c   0x000000f8   Code   RO         3674    i.wifi_uart_service  mcu_api.o
    0x08001a14   0x08001a14   0x00000024   Code   RO         3902    i.wifi_uart_write_data  system.o
    0x08001a38   0x08001a38   0x00000048   Code   RO         3903    i.wifi_uart_write_frame  system.o
    0x08001a80   0x08001a80   0x0000001c   Code   RO         3904    i.with_data_rxbuff  system.o
    0x08001a9c   0x08001a9c   0x00000062   Code   RO         3990    x$fpl$d2f           fz_ws.l(d2f.o)
    0x08001afe   0x08001afe   0x00000002   PAD
    0x08001b00   0x08001b00   0x000002b0   Code   RO         3993    x$fpl$ddiv          fz_ws.l(ddiv.o)
    0x08001db0   0x08001db0   0x00000026   Code   RO         3996    x$fpl$dfltu         fz_ws.l(dflt_clz.o)
    0x08001dd6   0x08001dd6   0x0000009c   Code   RO         4025    x$fpl$dnaninf       fz_ws.l(dnaninf.o)
    0x08001e72   0x08001e72   0x0000000c   Code   RO         4027    x$fpl$dretinf       fz_ws.l(dretinf.o)
    0x08001e7e   0x08001e7e   0x00000018   Code   RO         4057    x$fpl$fcmpinf       fz_ws.l(fcmpi.o)
    0x08001e96   0x08001e96   0x00000002   PAD
    0x08001e98   0x08001e98   0x00000184   Code   RO         4009    x$fpl$fdiv          fz_ws.l(fdiv.o)
    0x0800201c   0x0800201c   0x0000003e   Code   RO         4012    x$fpl$ffixu         fz_ws.l(ffixu.o)
    0x0800205a   0x0800205a   0x00000002   PAD
    0x0800205c   0x0800205c   0x00000068   Code   RO         4029    x$fpl$fleqf         fz_ws.l(fleqf.o)
    0x080020c4   0x080020c4   0x0000008c   Code   RO         4031    x$fpl$fnaninf       fz_ws.l(fnaninf.o)
    0x08002150   0x08002150   0x0000000a   Code   RO         4033    x$fpl$fretinf       fz_ws.l(fretinf.o)
    0x0800215a   0x0800215a   0x00000062   Code   RO         4018    x$fpl$frleqf        fz_ws.l(frleqf.o)
    0x080021bc   0x080021bc   0x00000000   Code   RO         4035    x$fpl$usenofp       fz_ws.l(usenofp.o)
    0x080021bc   0x080021bc   0x0000000c   Data   RO         3839    .constdata          protocol.o
    0x080021c8   0x080021c8   0x00000020   Data   RO         4196    Region$$Table       anon$$obj.o


    Execution Region RW_IRAM1 (Exec base: 0x20000000, Load base: 0x080021e8, Size: 0x00000748, Max: 0x00005000, ABSOLUTE)

    Exec Addr    Load Addr    Size         Type   Attr      Idx    E Section Name        Object

    0x20000000   0x080021e8   0x00000014   Data   RW         1734    .data               stm32f10x_rcc.o
    0x20000014   0x080021fc   0x00000011   Data   RW         3200    .data               timer.o
    0x20000025   0x0800220d   0x00000001   PAD
    0x20000026   0x0800220e   0x00000004   Data   RW         3406    .data               delay.o
    0x2000002a   0x08002212   0x00000002   PAD
    0x2000002c   0x08002214   0x00000004   Data   RW         3442    .data               usart.o
    0x20000030   0x08002218   0x0000001c   Data   RW         3574    .data               hx711.o
    0x2000004c   0x08002234   0x00000002   Data   RW         3675    .data               mcu_api.o
    0x2000004e   0x08002236   0x00000002   PAD
    0x20000050   0x08002238   0x0000000d   Data   RW         3906    .data               system.o
    0x2000005d   0x08002245   0x00000003   PAD
    0x20000060        -       0x00000014   Zero   RW         3573    .bss                hx711.o
    0x20000074        -       0x0000006d   Zero   RW         3905    .bss                system.o
    0x200000e1   0x08002245   0x00000003   PAD
    0x200000e4        -       0x00000060   Zero   RW         4072    .bss                c_w.l(libspace.o)
    0x20000144   0x08002245   0x00000004   PAD
    0x20000148        -       0x00000200   Zero   RW         3137    HEAP                startup_stm32f10x_md.o
    0x20000348        -       0x00000400   Zero   RW         3136    STACK               startup_stm32f10x_md.o


==============================================================================

Image component sizes


      Code (inc. data)   RO Data    RW Data    ZI Data      Debug   Object Name

         0          0          0          0          0         32   core_cm3.o
       252         18          0          4          0       2238   delay.o
       460         42          0         28         20       4250   hx711.o
       152         16          0          0          0       1287   key.o
       284         50          0          0          0        527   main.o
       766         62          0          2          0       6965   mcu_api.o
       132         22          0          0          0     232031   misc.o
       358         24         12          0          0       5677   protocol.o
        64         26        236          0       1536        756   startup_stm32f10x_md.o
         0          0          0          0          0       1620   stm32f10x_adc.o
       322          0          0          0          0      12117   stm32f10x_gpio.o
        26          0          0          0          0       3406   stm32f10x_it.o
       276         32          0         20          0      12754   stm32f10x_rcc.o
       472         62          0          0          0      25939   stm32f10x_tim.o
       446          6          0          0          0      11545   stm32f10x_usart.o
       924        146          0         13        109       9134   system.o
       328         28          0          0          0       1677   system_stm32f10x.o
       394         34          0         17          0     239890   timer.o
       240         16          0          4          0       3643   usart.o
       232         22          0          0          0       1559   usart3.o

    ----------------------------------------------------------------------
      6152        606        280         96       1668     577047   Object Totals
         0          0         32          0          0          0   (incl. Generated)
        24          0          0          8          3          0   (incl. Padding)

    ----------------------------------------------------------------------

      Code (inc. data)   RO Data    RW Data    ZI Data      Debug   Library Member Name

         8          0          0          0          0         68   __main.o
        40          0          0          0          0         84   __printf_nopercent.o
         0          0          0          0          0          0   __rtentry.o
        12          0          0          0          0          0   __rtentry2.o
         6          0          0          0          0          0   __rtentry4.o
        52          8          0          0          0          0   __scatter.o
        26          0          0          0          0          0   __scatter_copy.o
        28          0          0          0          0          0   __scatter_zi.o
        48          6          0          0          0         96   _printf_char_common.o
        36          4          0          0          0         80   _printf_char_file.o
        18          0          0          0          0         80   exit.o
         8          0          0          0          0         68   ferror.o
         6          0          0          0          0        152   heapauxi.o
         2          0          0          0          0          0   libinit.o
         2          0          0          0          0          0   libinit2.o
         2          0          0          0          0          0   libshutdown.o
         2          0          0          0          0          0   libshutdown2.o
         8          4          0          0         96         68   libspace.o
        24          4          0          0          0         84   noretval__2printf.o
         2          0          0          0          0          0   rtexit.o
        10          0          0          0          0          0   rtexit2.o
        74          0          0          0          0         80   sys_stackheap_outer.o
         2          0          0          0          0         68   use_no_semi.o
         2          0          0          0          0         68   use_no_semi_2.o
        98          4          0          0          0         92   d2f.o
       688        140          0          0          0        208   ddiv.o
        38          0          0          0          0         68   dflt_clz.o
       156          4          0          0          0         92   dnaninf.o
        12          0          0          0          0         68   dretinf.o
        24          0          0          0          0         68   fcmpi.o
       388         76          0          0          0         96   fdiv.o
        62          4          0          0          0         84   ffixu.o
       104          4          0          0          0         84   fleqf.o
       140          4          0          0          0         84   fnaninf.o
        10          0          0          0          0         68   fretinf.o
        98          0          0          0          0         68   frleqf.o
         0          0          0          0          0          0   usenofp.o

    ----------------------------------------------------------------------
      2248        262          0          0        100       2076   Library Totals
        12          0          0          0          4          0   (incl. Padding)

    ----------------------------------------------------------------------

      Code (inc. data)   RO Data    RW Data    ZI Data      Debug   Library Name

       418         26          0          0         96        996   c_w.l
      1818        236          0          0          0       1080   fz_ws.l

    ----------------------------------------------------------------------
      2248        262          0          0        100       2076   Library Totals

    ----------------------------------------------------------------------

==============================================================================


      Code (inc. data)   RO Data    RW Data    ZI Data      Debug   

      8400        868        280         96       1768     573399   Grand Totals
      8400        868        280         96       1768     573399   ELF Image Totals
      8400        868        280         96          0          0   ROM Totals

==============================================================================

    Total RO  Size (Code + RO Data)                 8680 (   8.48kB)
    Total RW  Size (RW Data + ZI Data)              1864 (   1.82kB)
    Total ROM Size (Code + RO Data + RW Data)       8776 (   8.57kB)

==============================================================================

